Archive member included to satisfy reference by file (symbol)

app/libapp.a(main.c.obj)      (--whole-archive)
app/libapp.a(input.c.obj)     (--whole-archive)
app/libapp.a(output.c.obj)    (--whole-archive)
app/libapp.a(led.c.obj)       (--whole-archive)
app/libapp.a(motor.c.obj)     (--whole-archive)
app/libapp.a(buzzer.c.obj)    (--whole-archive)
zephyr/libzephyr.a(isr_tables.c.obj)
                              (--whole-archive)
zephyr/libzephyr.a(sw_isr_common.c.obj)
                              (--whole-archive)
zephyr/libzephyr.a(crc32_sw.c.obj)
                              (--whole-archive)
zephyr/libzephyr.a(crc16_sw.c.obj)
                              (--whole-archive)
zephyr/libzephyr.a(crc8_sw.c.obj)
                              (--whole-archive)
zephyr/libzephyr.a(crc7_sw.c.obj)
                              (--whole-archive)
zephyr/libzephyr.a(fdtable.c.obj)
                              (--whole-archive)
zephyr/libzephyr.a(hex.c.obj)
                              (--whole-archive)
zephyr/libzephyr.a(mempool.c.obj)
                              (--whole-archive)
zephyr/libzephyr.a(rb.c.obj)  (--whole-archive)
zephyr/libzephyr.a(sem.c.obj)
                              (--whole-archive)
zephyr/libzephyr.a(thread_entry.c.obj)
                              (--whole-archive)
zephyr/libzephyr.a(timeutil.c.obj)
                              (--whole-archive)
zephyr/libzephyr.a(work_q.c.obj)
                              (--whole-archive)
zephyr/libzephyr.a(printk.c.obj)
                              (--whole-archive)
zephyr/libzephyr.a(ring_buffer.c.obj)
                              (--whole-archive)
zephyr/libzephyr.a(configs.c.obj)
                              (--whole-archive)
zephyr/libzephyr.a(soc.c.obj)
                              (--whole-archive)
zephyr/libzephyr.a(power.c.obj)
                              (--whole-archive)
zephyr/libzephyr.a(mpu_regions.c.obj)
                              (--whole-archive)
zephyr/libzephyr.a(fnmatch.c.obj)
                              (--whole-archive)
zephyr/libzephyr.a(system_nrf52.c.obj)
                              (--whole-archive)
zephyr/libzephyr.a(nrfx_glue.c.obj)
                              (--whole-archive)
zephyr/libzephyr.a(kernel_service.c.obj)
                              (--whole-archive)
zephyr/libzephyr.a(device_service.c.obj)
                              (--whole-archive)
zephyr/libzephyr.a(shell.c.obj)
                              (--whole-archive)
zephyr/libzephyr.a(shell_fprintf.c.obj)
                              (--whole-archive)
zephyr/libzephyr.a(shell_utils.c.obj)
                              (--whole-archive)
zephyr/libzephyr.a(shell_ops.c.obj)
                              (--whole-archive)
zephyr/libzephyr.a(shell_uart.c.obj)
                              (--whole-archive)
zephyr/libzephyr.a(shell_help.c.obj)
                              (--whole-archive)
zephyr/libzephyr.a(shell_cmds.c.obj)
                              (--whole-archive)
zephyr/libzephyr.a(shell_history.c.obj)
                              (--whole-archive)
zephyr/libzephyr.a(shell_wildcard.c.obj)
                              (--whole-archive)
zephyr/libzephyr.a(power.c.obj)
                              (--whole-archive)
zephyr/libzephyr.a(policy_residency.c.obj)
                              (--whole-archive)
zephyr/libzephyr.a(uart_console.c.obj)
                              (--whole-archive)
zephyr/libzephyr.a(nrf_power_clock.c.obj)
                              (--whole-archive)
zephyr/libzephyr.a(sys_clock_init.c.obj)
                              (--whole-archive)
zephyr/libzephyr.a(nrf_rtc_timer.c.obj)
                              (--whole-archive)
zephyr/arch/arch/arm/core/libarch__arm__core.a(exc_exit.S.obj)
                              (--whole-archive)
zephyr/arch/arch/arm/core/libarch__arm__core.a(swap.c.obj)
                              (--whole-archive)
zephyr/arch/arch/arm/core/libarch__arm__core.a(swap_helper.S.obj)
                              (--whole-archive)
zephyr/arch/arch/arm/core/libarch__arm__core.a(irq_manage.c.obj)
                              (--whole-archive)
zephyr/arch/arch/arm/core/libarch__arm__core.a(thread.c.obj)
                              (--whole-archive)
zephyr/arch/arch/arm/core/libarch__arm__core.a(cpu_idle.S.obj)
                              (--whole-archive)
zephyr/arch/arch/arm/core/libarch__arm__core.a(fault_s.S.obj)
                              (--whole-archive)
zephyr/arch/arch/arm/core/libarch__arm__core.a(fatal.c.obj)
                              (--whole-archive)
zephyr/arch/arch/arm/core/libarch__arm__core.a(nmi.c.obj)
                              (--whole-archive)
zephyr/arch/arch/arm/core/libarch__arm__core.a(nmi_on_reset.S.obj)
                              (--whole-archive)
zephyr/arch/arch/arm/core/libarch__arm__core.a(prep_c.c.obj)
                              (--whole-archive)
zephyr/arch/arch/arm/core/libarch__arm__core.a(isr_wrapper.S.obj)
[...]
Memory Configuration

Name             Origin             Length             Attributes
FLASH            0x0000000000000000 0x0000000000080000 xr
SRAM             0x0000000020000000 0x0000000000010000 xw
IDT_LIST         0x0000000020010000 0x0000000000000800 xw
*default*        0x0000000000000000 0xffffffffffffffff

Linker script and memory map

LOAD zephyr/CMakeFiles/zephyr_final.dir/misc/empty_file.c.obj
LOAD zephyr/CMakeFiles/zephyr_final.dir/isr_tables.c.obj
                0x0000000000000020                _region_min_align = 0x20

.rel.plt        0x0000000000000000        0x0
 *(SORT_BY_ALIGNMENT(.rel.plt))
                [!provide]                        PROVIDE (__rel_iplt_start = .)
 *(SORT_BY_ALIGNMENT(.rel.iplt))
 .rel.iplt      0x0000000000000000        0x0 zephyr/CMakeFiles/zephyr_final.dir/isr_tables.c.obj
                [!provide]                        PROVIDE (__rel_iplt_end = .)

.rela.plt       0x0000000000000000        0x0
 *(SORT_BY_ALIGNMENT(.rela.plt))
                [!provide]                        PROVIDE (__rela_iplt_start = .)
 *(SORT_BY_ALIGNMENT(.rela.iplt))
                [!provide]                        PROVIDE (__rela_iplt_end = .)

.rel.dyn
 *(SORT_BY_ALIGNMENT(.rel.*))

.rela.dyn
 *(SORT_BY_ALIGNMENT(.rela.*))

/DISCARD/
 *(SORT_BY_ALIGNMENT(.plt))
 *(SORT_BY_ALIGNMENT(.iplt))
 *(SORT_BY_ALIGNMENT(.got.plt))
 *(SORT_BY_ALIGNMENT(.igot.plt))
 *(SORT_BY_ALIGNMENT(.got))
 *(SORT_BY_ALIGNMENT(.igot))
 *(SORT_BY_ALIGNMENT(.irq_info))
 *(SORT_BY_ALIGNMENT(.intList))
                0x0000000000000000                _image_rom_start = 0x0

text            0x0000000000000000       0xdc
                0x0000000000000000                . = 0x0
                0x0000000000000000                _vector_start = .
 *(SORT_BY_ALIGNMENT(.exc_vector_table))
 *(SORT_BY_ALIGNMENT(.exc_vector_table.*))
 .exc_vector_table._vector_table_section
                0x0000000000000000       0x40 zephyr/arch/arch/arm/core/cortex_m/libarch__arm__core__cortex_m.a(vector_table.S.obj)
                0x0000000000000000                _vector_table
 *(SORT_BY_ALIGNMENT(.gnu.linkonce.irq_vector_table))
 .gnu.linkonce.irq_vector_table
                0x0000000000000040       0x9c zephyr/CMakeFiles/zephyr_final.dir/isr_tables.c.obj
                0x0000000000000040                _irq_vector_table
 *(SORT_BY_ALIGNMENT(.vectors))
 *(SORT_BY_ALIGNMENT(.openocd_dbg))
 *(SORT_BY_ALIGNMENT(.openocd_dbg.*))
 *(SORT_BY_ALIGNMENT(.kinetis_flash_config))
 *(SORT_BY_ALIGNMENT(.kinetis_flash_config.*))
                0x00000000000000dc                _vector_end = .

_TEXT_SECTION_NAME_2
                0x00000000000000dc     0x6abe
                0x00000000000000dc                _image_text_start = .
 *(SORT_BY_ALIGNMENT(.text))
 .text          0x00000000000000dc       0xa0 /home/icaro/zephyr-sdk-0.10.1/arm-zephyr-eabi/bin/../lib/gcc/arm-zephyr-eabi/8.3.0/thumb/v7e-m/nofp/libgcc.a(_aeabi_ldivmod.o)
                0x00000000000000dc                __aeabi_ldivmod
 .text          0x000000000000017c        0x4 /home/icaro/zephyr-sdk-0.10.1/arm-zephyr-eabi/bin/../lib/gcc/arm-zephyr-eabi/8.3.0/thumb/v7e-m/nofp/libgcc.a(_dvmd_tls.o)
                0x000000000000017c                __aeabi_ldiv0
                0x000000000000017c                __aeabi_idiv0
 .text          0x0000000000000180      0x2b4 /home/icaro/zephyr-sdk-0.10.1/arm-zephyr-eabi/bin/../lib/gcc/arm-zephyr-eabi/8.3.0/thumb/v7e-m/nofp/libgcc.a(_udivmoddi4.o)
                0x0000000000000180                __udivmoddi4
 *(SORT_BY_ALIGNMENT(.text.*))
 .text.output_open
                0x0000000000000434       0x2c app/libapp.a(output.c.obj)
                0x0000000000000434                output_open
 .text.output_configure
                0x0000000000000460       0x30 app/libapp.a(output.c.obj)
                0x0000000000000460                output_configure
 .text.output_set
                0x0000000000000490       0x24 app/libapp.a(output.c.obj)
                0x0000000000000490                output_set
 .text.leds_configure
                0x00000000000004b4       0xa4 app/libapp.a(led.c.obj)
                0x00000000000004b4                leds_configure
 .text.set_led  0x0000000000000558       0x4c app/libapp.a(led.c.obj)
                0x0000000000000558                set_led
 .text.motors_configure
                0x00000000000005a4       0x3c app/libapp.a(motor.c.obj)
                0x00000000000005a4                motors_configure
 .text.set_motor
                0x00000000000005e0       0x24 app/libapp.a(motor.c.obj)
                0x00000000000005e0                set_motor
 .text.char_out
                0x0000000000000604       0x10 zephyr/libzephyr.a(printk.c.obj)
 .text._printk_dec_ulong
                0x0000000000000614       0x98 zephyr/libzephyr.a(printk.c.obj)
 .text.__printk_hook_install
                0x00000000000006ac        0xc zephyr/libzephyr.a(printk.c.obj)
                0x00000000000006ac                __printk_hook_install
 .text.vprintk  0x00000000000006b8       0x1c zephyr/libzephyr.a(printk.c.obj)
                0x00000000000006b8                vprintk
 .text.nordicsemi_nrf52_init
                0x00000000000006d4       0x30 zephyr/libzephyr.a(soc.c.obj)
 .text.z_arch_busy_wait
                0x0000000000000704       0x14 zephyr/libzephyr.a(soc.c.obj)
                0x0000000000000704                z_arch_busy_wait
 .text.errata_12
                0x0000000000000718       0x40 zephyr/libzephyr.a(system_nrf52.c.obj)
 .text.errata_16
                0x0000000000000758       0x34 zephyr/libzephyr.a(system_nrf52.c.obj)
 .text.SystemInit
                0x000000000000078c      0x248 zephyr/libzephyr.a(system_nrf52.c.obj)
                0x000000000000078c                SystemInit
 .text.cmd_kernel_version
                0x00000000000009d4       0x2c zephyr/libzephyr.a(kernel_service.c.obj)
 .text.cmd_kernel_uptime
                0x0000000000000a00       0x1c zephyr/libzephyr.a(kernel_service.c.obj)
 .text.cmd_kernel_cycles
                0x0000000000000a1c       0x1c zephyr/libzephyr.a(kernel_service.c.obj)
 .text.cmd_device_list
                0x0000000000000a38       0x40 zephyr/libzephyr.a(device_service.c.obj)
 .text.device_get_config_level
                0x0000000000000a78       0x3c zephyr/libzephyr.a(device_service.c.obj)
 .text.cmd_device_levels
                0x0000000000000ab4       0x94 zephyr/libzephyr.a(device_service.c.obj)
 .text.history_handle
                0x0000000000000b48       0xa4 zephyr/libzephyr.a(shell.c.obj)
 .text.execute  0x0000000000000bec      0x274 zephyr/libzephyr.a(shell.c.obj)
 .text.shell_init
                0x0000000000000e60       0xf4 zephyr/libzephyr.a(shell.c.obj)
                0x0000000000000e60                shell_init
 .text.shell_start
                0x0000000000000f54       0x30 zephyr/libzephyr.a(shell.c.obj)
                0x0000000000000f54                shell_start
 .text.shell_process
                0x0000000000000f84      0x744 zephyr/libzephyr.a(shell.c.obj)
                0x0000000000000f84                shell_process
 .text.shell_thread
                0x00000000000016c8       0xc4 zephyr/libzephyr.a(shell.c.obj)
                0x00000000000016c8                shell_thread
 .text.shell_fprintf_fmt
                0x000000000000178c       0x28 zephyr/libzephyr.a(shell_fprintf.c.obj)
                0x000000000000178c                shell_fprintf_fmt
 .text.shell_cmd_get
                0x00000000000017b4       0x54 zephyr/libzephyr.a(shell_utils.c.obj)
                0x00000000000017b4                shell_cmd_get
 .text.clear_eos.isra.6
                0x0000000000001808       0x10 zephyr/libzephyr.a(shell_ops.c.obj)
 .text.shell_op_cursor_vert_move
                0x0000000000001818       0x20 zephyr/libzephyr.a(shell_ops.c.obj)
                0x0000000000001818                shell_op_cursor_vert_move
 .text.shell_op_cursor_horiz_move
                0x0000000000001838       0x20 zephyr/libzephyr.a(shell_ops.c.obj)
                0x0000000000001838                shell_op_cursor_horiz_move
 .text.shell_op_cond_next_line
                0x0000000000001858       0x28 zephyr/libzephyr.a(shell_ops.c.obj)
                0x0000000000001858                shell_op_cond_next_line
 .text.shell_op_cursor_position_synchronize
                0x0000000000001880       0x54 zephyr/libzephyr.a(shell_ops.c.obj)
                0x0000000000001880                shell_op_cursor_position_synchronize
 .text.shell_print_cmd
                0x00000000000018d4       0x10 zephyr/libzephyr.a(shell_ops.c.obj)
                0x00000000000018d4                shell_print_cmd
 .text.shell_vt100_color_set
                0x00000000000018e4       0x48 zephyr/libzephyr.a(shell_ops.c.obj)
                0x00000000000018e4                shell_vt100_color_set
 .text.shell_vt100_colors_restore
                0x000000000000192c       0x4c zephyr/libzephyr.a(shell_ops.c.obj)
                0x000000000000192c                shell_vt100_colors_restore
 .text.shell_op_word_remove
                0x0000000000001978       0xa8 zephyr/libzephyr.a(shell_ops.c.obj)
                0x0000000000001978                shell_op_word_remove
 .text.reprint_from_cursor
                0x0000000000001a20       0x54 zephyr/libzephyr.a(shell_ops.c.obj)
 .text.shell_op_char_insert
                0x0000000000001a74       0x64 zephyr/libzephyr.a(shell_ops.c.obj)
                0x0000000000001a74                shell_op_char_insert
 .text.shell_print_prompt_and_cmd
                0x0000000000001ad8       0x30 zephyr/libzephyr.a(shell_ops.c.obj)
                0x0000000000001ad8                shell_print_prompt_and_cmd
 .text.enable_shell_uart
                0x0000000000001b08       0x28 zephyr/libzephyr.a(shell_uart.c.obj)
 .text.init     0x0000000000001b30       0x30 zephyr/libzephyr.a(shell_uart.c.obj)
 .text.formatted_text_print.constprop.2
                0x0000000000001b60       0xf4 zephyr/libzephyr.a(shell_help.c.obj)
 .text.shell_help_subcmd_print
                0x0000000000001c54       0xe0 zephyr/libzephyr.a(shell_help.c.obj)
                0x0000000000001c54                shell_help_subcmd_print
 .text.shell_help_cmd_print
                0x0000000000001d34       0x4c zephyr/libzephyr.a(shell_help.c.obj)
                0x0000000000001d34                shell_help_cmd_print
 .text.cmd_clear
                0x0000000000001d80       0x2c zephyr/libzephyr.a(shell_cmds.c.obj)
 .text.cmd_resize_default
                0x0000000000001dac       0x24 zephyr/libzephyr.a(shell_cmds.c.obj)
 .text.cmd_shell_stats_show
                0x0000000000001dd0       0x18 zephyr/libzephyr.a(shell_cmds.c.obj)
 .text.cmd_help
                0x0000000000001de8       0x24 zephyr/libzephyr.a(shell_cmds.c.obj)
 .text.cmd_history
                0x0000000000001e0c       0x48 zephyr/libzephyr.a(shell_cmds.c.obj)
 .text.cmd_echo
                0x0000000000001e54       0x54 zephyr/libzephyr.a(shell_cmds.c.obj)
 .text.cmd_resize
                0x0000000000001ea8      0x17c zephyr/libzephyr.a(shell_cmds.c.obj)
 .text.shell_wildcard_process
                0x0000000000002024      0x100 zephyr/libzephyr.a(shell_wildcard.c.obj)
                0x0000000000002024                shell_wildcard_process
 .text.console_out
                0x0000000000002124       0x28 zephyr/libzephyr.a(uart_console.c.obj)
 .text.uart_console_hook_install
                0x000000000000214c       0x18 zephyr/libzephyr.a(uart_console.c.obj)
                0x000000000000214c                uart_console_hook_install
 .text.uart_console_init
                0x0000000000002164       0x1c zephyr/libzephyr.a(uart_console.c.obj)
 .text.m16src_stop
                0x0000000000002180       0x74 zephyr/libzephyr.a(nrf_power_clock.c.obj)
 .text.m16src_start
                0x00000000000021f4       0xc4 zephyr/libzephyr.a(nrf_power_clock.c.obj)
 .text.k32src_start
                0x00000000000022b8       0xb0 zephyr/libzephyr.a(nrf_power_clock.c.obj)
 .text.nrf_power_clock_isr
                0x0000000000002368       0xe4 zephyr/libzephyr.a(nrf_power_clock.c.obj)
                0x0000000000002368                nrf_power_clock_isr
 .text.rtc1_nrf_isr
                0x000000000000244c       0x40 zephyr/libzephyr.a(nrf_rtc_timer.c.obj)
                0x000000000000244c                rtc1_nrf_isr
 .text.z_clock_driver_init
                0x000000000000248c       0x84 zephyr/libzephyr.a(nrf_rtc_timer.c.obj)
                0x000000000000248c                z_clock_driver_init
 .text.z_clock_set_timeout
                0x0000000000002510       0x9c zephyr/libzephyr.a(nrf_rtc_timer.c.obj)
                0x0000000000002510                z_clock_set_timeout
 .text.z_clock_elapsed
                0x00000000000025ac       0x34 zephyr/libzephyr.a(nrf_rtc_timer.c.obj)
                0x00000000000025ac                z_clock_elapsed
 .text.z_timer_cycle_get_32
                0x00000000000025e0       0x34 zephyr/libzephyr.a(nrf_rtc_timer.c.obj)
                0x00000000000025e0                z_timer_cycle_get_32
 .text._HandlerModeExit
                0x0000000000002614       0x1c zephyr/arch/arch/arm/core/libarch__arm__core.a(exc_exit.S.obj)
                0x0000000000002614                z_ExcExit
                0x0000000000002614                _IntExit
 .text.__swap   0x0000000000002630       0x34 zephyr/arch/arch/arm/core/libarch__arm__core.a(swap.c.obj)
                0x0000000000002630                __swap
 .text.__pendsv
                0x0000000000002664       0x58 zephyr/arch/arch/arm/core/libarch__arm__core.a(swap_helper.S.obj)
                0x0000000000002664                __pendsv
 .text.__svc    0x00000000000026bc       0x24 zephyr/arch/arch/arm/core/libarch__arm__core.a(swap_helper.S.obj)
                0x00000000000026bc                __svc
 .text.z_arch_irq_enable
                0x00000000000026e0       0x20 zephyr/arch/arch/arm/core/libarch__arm__core.a(irq_manage.c.obj)
                0x00000000000026e0                z_arch_irq_enable
 .text.z_arch_irq_disable
                0x0000000000002700       0x28 zephyr/arch/arch/arm/core/libarch__arm__core.a(irq_manage.c.obj)
                0x0000000000002700                z_arch_irq_disable
 .text.z_irq_priority_set
                0x0000000000002728       0x30 zephyr/arch/arch/arm/core/libarch__arm__core.a(irq_manage.c.obj)
                0x0000000000002728                z_irq_priority_set
 .text.z_new_thread
                0x0000000000002758       0x54 zephyr/arch/arch/arm/core/libarch__arm__core.a(thread.c.obj)
                0x0000000000002758                z_new_thread
 .text.z_CpuIdleInit
                0x00000000000027ac        0xc zephyr/arch/arch/arm/core/libarch__arm__core.a(cpu_idle.S.obj)
                0x00000000000027ac                z_CpuIdleInit
 .text.k_cpu_idle
                0x00000000000027b8        0xc zephyr/arch/arch/arm/core/libarch__arm__core.a(cpu_idle.S.obj)
                0x00000000000027b8                k_cpu_idle
 .text.__fault  0x00000000000027c4       0x28 zephyr/arch/arch/arm/core/libarch__arm__core.a(fault_s.S.obj)
                0x00000000000027c4                __usage_fault
                0x00000000000027c4                __reserved
                0x00000000000027c4                __bus_fault
                0x00000000000027c4                __debug_monitor
                0x00000000000027c4                __mpu_fault
                0x00000000000027c4                __hard_fault
 .text.z_arm_fatal_error
                0x00000000000027ec       0x4c zephyr/arch/arch/arm/core/libarch__arm__core.a(fatal.c.obj)
                0x00000000000027ec                z_arm_fatal_error
 .text.z_SysNmiOnReset
                0x0000000000002838        0x8 zephyr/arch/arch/arm/core/libarch__arm__core.a(nmi_on_reset.S.obj)
                0x0000000000002838                z_SysNmiOnReset
 .text._PrepC   0x0000000000002840       0x2c zephyr/arch/arch/arm/core/libarch__arm__core.a(prep_c.c.obj)
                0x0000000000002840                _PrepC
 .text._isr_wrapper
                0x000000000000286c       0x40 zephyr/arch/arch/arm/core/libarch__arm__core.a(isr_wrapper.S.obj)
                0x000000000000286c                _isr_wrapper
 .text._reset_section
                0x00000000000028ac       0x30 zephyr/arch/arch/arm/core/cortex_m/libarch__arm__core__cortex_m.a(reset.S.obj)
                0x00000000000028ac                __reset
                0x00000000000028ac                __start
 .text.MpuFault.isra.2
                0x00000000000028dc       0x98 zephyr/arch/arch/arm/core/cortex_m/libarch__arm__core__cortex_m.a(fault.c.obj)
 .text.BusFault.isra.3
                0x0000000000002974       0xa4 zephyr/arch/arch/arm/core/cortex_m/libarch__arm__core__cortex_m.a(fault.c.obj)
 .text.UsageFault.isra.4
                0x0000000000002a18       0x88 zephyr/arch/arch/arm/core/cortex_m/libarch__arm__core__cortex_m.a(fault.c.obj)
 .text._Fault   0x0000000000002aa0       0xec zephyr/arch/arch/arm/core/cortex_m/libarch__arm__core__cortex_m.a(fault.c.obj)
                0x0000000000002aa0                _Fault
 .text.z_FaultInit
                0x0000000000002b8c       0x10 zephyr/arch/arch/arm/core/cortex_m/libarch__arm__core__cortex_m.a(fault.c.obj)
                0x0000000000002b8c                z_FaultInit
 .text.z_IntLibInit
                0x0000000000002b9c       0x18 zephyr/arch/arch/arm/core/cortex_m/libarch__arm__core__cortex_m.a(irq_init.c.obj)
                0x0000000000002b9c                z_IntLibInit
 .text.z_impl_k_thread_abort
                0x0000000000002bb4       0x4c zephyr/arch/arch/arm/core/cortex_m/libarch__arm__core__cortex_m.a(thread_abort.c.obj)
                0x0000000000002bb4                z_impl_k_thread_abort
 .text.z_arch_configure_static_mpu_regions
                0x0000000000002c00       0x38 zephyr/arch/arch/arm/core/cortex_m/mpu/libarch__arm__core__cortex_m__mpu.a(arm_core_mpu.c.obj)
                0x0000000000002c00                z_arch_configure_static_mpu_regions
 .text.mpu_configure_regions
                0x0000000000002c38       0x88 zephyr/arch/arch/arm/core/cortex_m/mpu/libarch__arm__core__cortex_m__mpu.a(arm_mpu.c.obj)
 .text.arm_core_mpu_enable
                0x0000000000002cc0       0x14 zephyr/arch/arch/arm/core/cortex_m/mpu/libarch__arm__core__cortex_m__mpu.a(arm_mpu.c.obj)
                0x0000000000002cc0                arm_core_mpu_enable
 .text.arm_core_mpu_disable
                0x0000000000002cd4       0x10 zephyr/arch/arch/arm/core/cortex_m/mpu/libarch__arm__core__cortex_m__mpu.a(arm_mpu.c.obj)
                0x0000000000002cd4                arm_core_mpu_disable
 .text.arm_mpu_init
                0x0000000000002ce4       0x5c zephyr/arch/arch/arm/core/cortex_m/mpu/libarch__arm__core__cortex_m__mpu.a(arm_mpu.c.obj)
 .text.arm_core_mpu_configure_static_mpu_regions
                0x0000000000002d40       0x14 zephyr/arch/arch/arm/core/cortex_m/mpu/libarch__arm__core__cortex_m__mpu.a(arm_mpu.c.obj)
                0x0000000000002d40                arm_core_mpu_configure_static_mpu_regions
 .text.arm_core_mpu_configure_dynamic_mpu_regions
                0x0000000000002d54       0x2c zephyr/arch/arch/arm/core/cortex_m/mpu/libarch__arm__core__cortex_m__mpu.a(arm_mpu.c.obj)
                0x0000000000002d54                arm_core_mpu_configure_dynamic_mpu_regions
 .text.z_prf    0x0000000000002d80      0x970 zephyr/lib/libc/minimal/liblib__libc__minimal.a(prf.c.obj)
                0x0000000000002d80                z_prf
 .text.__stdout_hook_install
                0x00000000000036f0        0xc zephyr/lib/libc/minimal/liblib__libc__minimal.a(stdout_console.c.obj)
                0x00000000000036f0                __stdout_hook_install
 .text.gpio_nrfx_init
                0x00000000000036fc       0x30 zephyr/drivers/gpio/libdrivers__gpio.a(gpio_nrfx.c.obj)
 .text.gpiote_event_handler
                0x000000000000372c      0x140 zephyr/drivers/gpio/libdrivers__gpio.a(gpio_nrfx.c.obj)
 .text.gpiote_pin_int_cfg
                0x000000000000386c      0x14c zephyr/drivers/gpio/libdrivers__gpio.a(gpio_nrfx.c.obj)
 .text.event_txdrdy_check
                0x00000000000039b8       0x20 zephyr/drivers/serial/libdrivers__serial.a(uart_nrfx_uart.c.obj)
 .text.uart_nrfx_err_check
                0x00000000000039d8       0x14 zephyr/drivers/serial/libdrivers__serial.a(uart_nrfx_uart.c.obj)
 .text.uart_nrfx_irq_rx_enable
                0x00000000000039ec       0x10 zephyr/drivers/serial/libdrivers__serial.a(uart_nrfx_uart.c.obj)
 .text.uart_nrfx_irq_rx_disable
                0x00000000000039fc       0x10 zephyr/drivers/serial/libdrivers__serial.a(uart_nrfx_uart.c.obj)
 .text.uart_nrfx_irq_rx_ready
                0x0000000000003a0c       0x10 zephyr/drivers/serial/libdrivers__serial.a(uart_nrfx_uart.c.obj)
 .text.uart_nrfx_irq_err_enable
                0x0000000000003a1c       0x10 zephyr/drivers/serial/libdrivers__serial.a(uart_nrfx_uart.c.obj)
 .text.uart_nrfx_irq_err_disable
                0x0000000000003a2c       0x10 zephyr/drivers/serial/libdrivers__serial.a(uart_nrfx_uart.c.obj)
 .text.uart_nrfx_irq_callback_set
                0x0000000000003a3c       0x14 zephyr/drivers/serial/libdrivers__serial.a(uart_nrfx_uart.c.obj)
 .text.uart_nrfx_isr
                0x0000000000003a50       0x18 zephyr/drivers/serial/libdrivers__serial.a(uart_nrfx_uart.c.obj)
 .text.uart_nrfx_irq_tx_disable
                0x0000000000003a68       0x14 zephyr/drivers/serial/libdrivers__serial.a(uart_nrfx_uart.c.obj)
 .text.uart_nrfx_irq_tx_enable
                0x0000000000003a7c       0x48 zephyr/drivers/serial/libdrivers__serial.a(uart_nrfx_uart.c.obj)
 .text.uart_nrfx_configure
                0x0000000000003ac4      0x16c zephyr/drivers/serial/libdrivers__serial.a(uart_nrfx_uart.c.obj)
 .text.uart_nrfx_irq_is_pending
                0x0000000000003c30       0x3c zephyr/drivers/serial/libdrivers__serial.a(uart_nrfx_uart.c.obj)
 .text.uart_nrfx_init
                0x0000000000003c6c       0x84 zephyr/drivers/serial/libdrivers__serial.a(uart_nrfx_uart.c.obj)
 .text.uart_nrfx_fifo_read
                0x0000000000003cf0       0x34 zephyr/drivers/serial/libdrivers__serial.a(uart_nrfx_uart.c.obj)
 .text.uart_nrfx_poll_out
                0x0000000000003d24       0x40 zephyr/drivers/serial/libdrivers__serial.a(uart_nrfx_uart.c.obj)
 .text.uart_nrfx_poll_in
                0x0000000000003d64       0x2c zephyr/drivers/serial/libdrivers__serial.a(uart_nrfx_uart.c.obj)
 .text.uart_nrfx_fifo_fill
                0x0000000000003d90       0x48 zephyr/drivers/serial/libdrivers__serial.a(uart_nrfx_uart.c.obj)
 .text.z_sys_device_do_config_level
                0x0000000000003dd8       0x2c zephyr/kernel/libkernel.a(device.c.obj)
                0x0000000000003dd8                z_sys_device_do_config_level
 .text.z_impl_device_get_binding
                0x0000000000003e04       0x4c zephyr/kernel/libkernel.a(device.c.obj)
                0x0000000000003e04                z_impl_device_get_binding
 .text.z_fatal_print
                0x0000000000003e50       0x34 zephyr/kernel/libkernel.a(fatal.c.obj)
                0x0000000000003e50                z_fatal_print
 .text.k_sys_fatal_error_handler
                0x0000000000003e84       0x14 zephyr/kernel/libkernel.a(fatal.c.obj)
                0x0000000000003e84                k_sys_fatal_error_handler
 .text.z_fatal_error
                0x0000000000003e98       0x68 zephyr/kernel/libkernel.a(fatal.c.obj)
                0x0000000000003e98                z_fatal_error
 .text.idle     0x0000000000003f00       0x34 zephyr/kernel/libkernel.a(idle.c.obj)
                0x0000000000003f00                idle
 .text.z_bss_zero
                0x0000000000003f34       0x14 zephyr/kernel/libkernel.a(init.c.obj)
                0x0000000000003f34                z_bss_zero
 .text.z_data_copy
                0x0000000000003f48       0x34 zephyr/kernel/libkernel.a(init.c.obj)
                0x0000000000003f48                z_data_copy
 .text.bg_thread_main
                0x0000000000003f7c       0x30 zephyr/kernel/libkernel.a(init.c.obj)
 .text.z_cstart
                0x0000000000003fac      0x134 zephyr/kernel/libkernel.a(init.c.obj)
                0x0000000000003fac                z_cstart
 .text.z_impl_k_mutex_lock
                0x00000000000040e0       0xe0 zephyr/kernel/libkernel.a(mutex.c.obj)
                0x00000000000040e0                z_impl_k_mutex_lock
 .text.z_impl_k_mutex_unlock
                0x00000000000041c0       0x80 zephyr/kernel/libkernel.a(mutex.c.obj)
                0x00000000000041c0                z_impl_k_mutex_unlock
 .text.resched.part.15
                0x0000000000004240       0x24 zephyr/kernel/libkernel.a(sched.c.obj)
 .text.reset_time_slice
                0x0000000000004264       0x2c zephyr/kernel/libkernel.a(sched.c.obj)
 .text.k_sched_time_slice_set
                0x0000000000004290       0x58 zephyr/kernel/libkernel.a(sched.c.obj)
                0x0000000000004290                k_sched_time_slice_set
 .text.k_sched_lock
                0x00000000000042e8       0x28 zephyr/kernel/libkernel.a(sched.c.obj)
                0x00000000000042e8                k_sched_lock
 .text.z_priq_dumb_remove
                0x0000000000004310       0x2c zephyr/kernel/libkernel.a(sched.c.obj)
                0x0000000000004310                z_priq_dumb_remove
 .text.update_cache
                0x000000000000433c       0x3c zephyr/kernel/libkernel.a(sched.c.obj)
 .text.k_sched_unlock
                0x0000000000004378       0x38 zephyr/kernel/libkernel.a(sched.c.obj)
                0x0000000000004378                k_sched_unlock
 .text.z_add_thread_to_ready_q
                0x00000000000043b0       0x6c zephyr/kernel/libkernel.a(sched.c.obj)
                0x00000000000043b0                z_add_thread_to_ready_q
 .text.z_move_thread_to_end_of_prio_q
                0x000000000000441c       0x80 zephyr/kernel/libkernel.a(sched.c.obj)
                0x000000000000441c                z_move_thread_to_end_of_prio_q
 .text.z_time_slice
                0x000000000000449c       0x70 zephyr/kernel/libkernel.a(sched.c.obj)
                0x000000000000449c                z_time_slice
 .text.z_remove_thread_from_ready_q
                0x000000000000450c       0x4c zephyr/kernel/libkernel.a(sched.c.obj)
                0x000000000000450c                z_remove_thread_from_ready_q
 .text.pend     0x0000000000004558       0x84 zephyr/kernel/libkernel.a(sched.c.obj)
 .text.z_pend_curr
                0x00000000000045dc       0x28 zephyr/kernel/libkernel.a(sched.c.obj)
                0x00000000000045dc                z_pend_curr
 .text.z_tick_sleep.part.17
                0x0000000000004604       0x5c zephyr/kernel/libkernel.a(sched.c.obj)
 .text.z_thread_priority_set
                0x0000000000004660       0x98 zephyr/kernel/libkernel.a(sched.c.obj)
                0x0000000000004660                z_thread_priority_set
 .text.z_sched_init
                0x00000000000046f8       0x18 zephyr/kernel/libkernel.a(sched.c.obj)
                0x00000000000046f8                z_sched_init
 .text.z_impl_k_yield
                0x0000000000004710       0x94 zephyr/kernel/libkernel.a(sched.c.obj)
                0x0000000000004710                z_impl_k_yield
 .text.z_impl_k_current_get
                0x00000000000047a4        0xc zephyr/kernel/libkernel.a(sched.c.obj)
                0x00000000000047a4                z_impl_k_current_get
 .text.z_impl_k_thread_start
                0x00000000000047b0       0x48 zephyr/kernel/libkernel.a(thread.c.obj)
                0x00000000000047b0                z_impl_k_thread_start
 .text.z_setup_new_thread
                0x00000000000047f8       0x30 zephyr/kernel/libkernel.a(thread.c.obj)
                0x00000000000047f8                z_setup_new_thread
 .text.z_impl_k_thread_create
                0x0000000000004828       0x60 zephyr/kernel/libkernel.a(thread.c.obj)
                0x0000000000004828                z_impl_k_thread_create
 .text.z_init_static_threads
                0x0000000000004888       0xb4 zephyr/kernel/libkernel.a(thread.c.obj)
                0x0000000000004888                z_init_static_threads
 .text.sys_kernel_version_get
                0x000000000000493c        0x8 zephyr/kernel/libkernel.a(version.c.obj)
                0x000000000000493c                sys_kernel_version_get
 .text.elapsed  0x0000000000004944       0x14 zephyr/kernel/libkernel.a(timeout.c.obj)
 .text.remove_timeout
                0x0000000000004958       0x28 zephyr/kernel/libkernel.a(timeout.c.obj)
 .text.next_timeout
                0x0000000000004980       0x38 zephyr/kernel/libkernel.a(timeout.c.obj)
 .text.z_add_timeout
                0x00000000000049b8       0x84 zephyr/kernel/libkernel.a(timeout.c.obj)
                0x00000000000049b8                z_add_timeout
 .text.z_clock_announce
                0x0000000000004a3c       0xac zephyr/kernel/libkernel.a(timeout.c.obj)
                0x0000000000004a3c                z_clock_announce
 .text.z_tick_get
                0x0000000000004ae8       0x3c zephyr/kernel/libkernel.a(timeout.c.obj)
                0x0000000000004ae8                z_tick_get
 .text.k_poll_event_init
                0x0000000000004b24       0x28 zephyr/kernel/libkernel.a(poll.c.obj)
                0x0000000000004b24                k_poll_event_init
 .text.z_impl_k_poll
                0x0000000000004b4c      0x134 zephyr/kernel/libkernel.a(poll.c.obj)
                0x0000000000004b4c                z_impl_k_poll
 .text.z_impl_k_poll_signal_raise
                0x0000000000004c80       0x54 zephyr/kernel/libkernel.a(poll.c.obj)
                0x0000000000004c80                z_impl_k_poll_signal_raise
 .text.init_static_pools
                0x0000000000004cd4       0x28 zephyr/kernel/libkernel.a(mempool.c.obj)
                0x0000000000004cd4                init_static_pools
 .text.led_function
                0x0000000000004cfc        0xe app/libapp.a(main.c.obj)
                0x0000000000004cfc                led_function
 .text.motor_function
                0x0000000000004d0a        0xe app/libapp.a(main.c.obj)
                0x0000000000004d0a                motor_function
 .text.main     0x0000000000004d18        0x2 app/libapp.a(main.c.obj)
                0x0000000000004d18                main
 .text.k_sleep.constprop.0
                0x0000000000004d1a        0x6 app/libapp.a(led.c.obj)
 .text.call_leds
                0x0000000000004d20       0x92 app/libapp.a(led.c.obj)
                0x0000000000004d20                call_leds
 .text.call_motors
                0x0000000000004db2       0x2e app/libapp.a(motor.c.obj)
                0x0000000000004db2                call_motors
 .text.get_bit_ptr
                0x0000000000004de0       0x2e zephyr/libzephyr.a(mempool.c.obj)
 .text.set_free_bit
                0x0000000000004e0e       0x1c zephyr/libzephyr.a(mempool.c.obj)
 .text.z_sys_mem_pool_base_init
                0x0000000000004e2a       0x92 zephyr/libzephyr.a(mempool.c.obj)
                0x0000000000004e2a                z_sys_mem_pool_base_init
 .text.z_thread_entry
                0x0000000000004ebc       0x14 zephyr/libzephyr.a(thread_entry.c.obj)
                0x0000000000004ebc                z_thread_entry
 .text.z_arch_printk_char_out
                0x0000000000004ed0        0x4 zephyr/libzephyr.a(printk.c.obj)
                0x0000000000004ed0                z_arch_printk_char_out
 .text.print_err
                0x0000000000004ed4       0x1c zephyr/libzephyr.a(printk.c.obj)
 .text.z_vprintk
                0x0000000000004ef0      0x2e0 zephyr/libzephyr.a(printk.c.obj)
                0x0000000000004ef0                z_vprintk
 .text.printk   0x00000000000051d0       0x1a zephyr/libzephyr.a(printk.c.obj)
                0x00000000000051d0                printk
 .text.ring_buf_space_get
                0x00000000000051ea       0x18 zephyr/libzephyr.a(ring_buffer.c.obj)
 .text.ring_buf_put_claim
                0x0000000000005202       0x38 zephyr/libzephyr.a(ring_buffer.c.obj)
                0x0000000000005202                ring_buf_put_claim
 .text.ring_buf_put_finish
                0x000000000000523a       0x26 zephyr/libzephyr.a(ring_buffer.c.obj)
                0x000000000000523a                ring_buf_put_finish
 .text.ring_buf_put
                0x0000000000005260       0x3e zephyr/libzephyr.a(ring_buffer.c.obj)
                0x0000000000005260                ring_buf_put
 .text.ring_buf_get_claim
                0x000000000000529e       0x42 zephyr/libzephyr.a(ring_buffer.c.obj)
                0x000000000000529e                ring_buf_get_claim
 .text.ring_buf_get_finish
                0x00000000000052e0       0x2a zephyr/libzephyr.a(ring_buffer.c.obj)
                0x00000000000052e0                ring_buf_get_finish
 .text.ring_buf_get
                0x000000000000530a       0x3e zephyr/libzephyr.a(ring_buffer.c.obj)
                0x000000000000530a                ring_buf_get
 .text._ConfigAbsSyms
                0x0000000000005348        0x2 zephyr/libzephyr.a(configs.c.obj)
                0x0000000000005348                _ConfigAbsSyms
 .text.z_platform_init
                0x000000000000534a        0x4 zephyr/libzephyr.a(soc.c.obj)
                0x000000000000534a                z_platform_init
 .text.foldcase
                0x000000000000534e       0x10 zephyr/libzephyr.a(fnmatch.c.obj)
 .text.fnmatchx
                0x000000000000535e      0x254 zephyr/libzephyr.a(fnmatch.c.obj)
 .text.fnmatch  0x00000000000055b2        0x6 zephyr/libzephyr.a(fnmatch.c.obj)
                0x00000000000055b2                fnmatch
 .text.shell_strlen
                0x00000000000055b8        0xc zephyr/libzephyr.a(shell.c.obj)
 .text.shell_raw_fprintf
                0x00000000000055c4       0x1a zephyr/libzephyr.a(shell.c.obj)
 .text.shell_internal_help_print
                0x00000000000055de       0x12 zephyr/libzephyr.a(shell.c.obj)
 .text.state_set.constprop.31
                0x00000000000055f0       0x14 zephyr/libzephyr.a(shell.c.obj)
 .text.transport_evt_handler
                0x0000000000005604       0x14 zephyr/libzephyr.a(shell.c.obj)
 .text.shell_fprintf
                0x0000000000005618       0x5e zephyr/libzephyr.a(shell.c.obj)
                0x0000000000005618                shell_fprintf
 .text.shell_fprintf_buffer_flush
                0x0000000000005676       0x18 zephyr/libzephyr.a(shell_fprintf.c.obj)
                0x0000000000005676                shell_fprintf_buffer_flush
 .text.out_func
                0x000000000000568e       0x38 zephyr/libzephyr.a(shell_fprintf.c.obj)
 .text.isspace  0x00000000000056c6       0x14 zephyr/libzephyr.a(shell_utils.c.obj)
 .text.shell_strlen
                0x00000000000056da        0xc zephyr/libzephyr.a(shell_utils.c.obj)
 .text.column_span_with_buffer_offsets_get
                0x00000000000056e6       0x1e zephyr/libzephyr.a(shell_utils.c.obj)
                0x00000000000056e6                column_span_with_buffer_offsets_get
 .text.row_span_with_buffer_offsets_get
                0x0000000000005704       0x16 zephyr/libzephyr.a(shell_utils.c.obj)
                0x0000000000005704                row_span_with_buffer_offsets_get
 .text.shell_multiline_data_calc
                0x000000000000571a       0x2c zephyr/libzephyr.a(shell_utils.c.obj)
                0x000000000000571a                shell_multiline_data_calc
 .text.shell_make_argv
                0x0000000000005746      0x18a zephyr/libzephyr.a(shell_utils.c.obj)
                0x0000000000005746                shell_make_argv
 .text.shell_pattern_remove
                0x00000000000058d0       0x4e zephyr/libzephyr.a(shell_utils.c.obj)
                0x00000000000058d0                shell_pattern_remove
 .text.shell_get_last_command
                0x000000000000591e       0x96 zephyr/libzephyr.a(shell_utils.c.obj)
                0x000000000000591e                shell_get_last_command
 .text.shell_spaces_trim
                0x00000000000059b4       0x68 zephyr/libzephyr.a(shell_utils.c.obj)
                0x00000000000059b4                shell_spaces_trim
 .text.shell_cmd_trim
                0x0000000000005a1c       0x70 zephyr/libzephyr.a(shell_utils.c.obj)
                0x0000000000005a1c                shell_cmd_trim
 .text.shell_raw_fprintf
                0x0000000000005a8c       0x1a zephyr/libzephyr.a(shell_ops.c.obj)
 .text.full_line_cmd.isra.8
                0x0000000000005aa6       0x28 zephyr/libzephyr.a(shell_ops.c.obj)
 .text.shell_cursor_in_empty_line
                0x0000000000005ace       0x28 zephyr/libzephyr.a(shell_ops.c.obj)
                0x0000000000005ace                shell_cursor_in_empty_line
 .text.shell_op_cursor_move
                0x0000000000005af6       0x48 zephyr/libzephyr.a(shell_ops.c.obj)
                0x0000000000005af6                shell_op_cursor_move
 .text.shell_op_cursor_word_move
                0x0000000000005b3e       0x74 zephyr/libzephyr.a(shell_ops.c.obj)
                0x0000000000005b3e                shell_op_cursor_word_move
 .text.shell_op_cursor_home_move
                0x0000000000005bb2        0xc zephyr/libzephyr.a(shell_ops.c.obj)
                0x0000000000005bb2                shell_op_cursor_home_move
 .text.shell_op_cursor_end_move
                0x0000000000005bbe        0xe zephyr/libzephyr.a(shell_ops.c.obj)
                0x0000000000005bbe                shell_op_cursor_end_move
 .text.shell_op_left_arrow
                0x0000000000005bcc       0x10 zephyr/libzephyr.a(shell_ops.c.obj)
                0x0000000000005bcc                shell_op_left_arrow
 .text.shell_op_right_arrow
                0x0000000000005bdc       0x12 zephyr/libzephyr.a(shell_ops.c.obj)
                0x0000000000005bdc                shell_op_right_arrow
 .text.shell_op_delete_from_cursor
                0x0000000000005bee       0x14 zephyr/libzephyr.a(shell_ops.c.obj)
                0x0000000000005bee                shell_op_delete_from_cursor
 .text.shell_cmd_line_erase
                0x0000000000005c02       0x34 zephyr/libzephyr.a(shell_ops.c.obj)
                0x0000000000005c02                shell_cmd_line_erase
 .text.shell_write
                0x0000000000005c36       0x66 zephyr/libzephyr.a(shell_ops.c.obj)
                0x0000000000005c36                shell_write
 .text.shell_print_stream
                0x0000000000005c9c        0x4 zephyr/libzephyr.a(shell_ops.c.obj)
                0x0000000000005c9c                shell_print_stream
 .text.shell_internal_vfprintf
                0x0000000000005ca0       0x50 zephyr/libzephyr.a(shell_ops.c.obj)
                0x0000000000005ca0                shell_internal_vfprintf
 .text.shell_internal_fprintf
                0x0000000000005cf0       0x1a zephyr/libzephyr.a(shell_ops.c.obj)
                0x0000000000005cf0                shell_internal_fprintf
 .text.data_insert
                0x0000000000005d0a       0x64 zephyr/libzephyr.a(shell_ops.c.obj)
 .text.shell_op_completion_insert
                0x0000000000005d6e        0x4 zephyr/libzephyr.a(shell_ops.c.obj)
                0x0000000000005d6e                shell_op_completion_insert
 .text.shell_op_char_delete
                0x0000000000005d72       0x36 zephyr/libzephyr.a(shell_ops.c.obj)
                0x0000000000005d72                shell_op_char_delete
 .text.shell_op_char_backspace
                0x0000000000005da8       0x22 zephyr/libzephyr.a(shell_ops.c.obj)
                0x0000000000005da8                shell_op_char_backspace
 .text.z_impl_uart_irq_tx_disable
                0x0000000000005dca        0xa zephyr/libzephyr.a(shell_uart.c.obj)
 .text.uninit   0x0000000000005dd4        0x4 zephyr/libzephyr.a(shell_uart.c.obj)
 .text.enable   0x0000000000005dd8       0x14 zephyr/libzephyr.a(shell_uart.c.obj)
 .text.read     0x0000000000005dec       0x12 zephyr/libzephyr.a(shell_uart.c.obj)
 .text.write    0x0000000000005dfe       0x6c zephyr/libzephyr.a(shell_uart.c.obj)
 .text.uart_callback
                0x0000000000005e6a       0xd8 zephyr/libzephyr.a(shell_uart.c.obj)
 .text.shell_raw_fprintf
                0x0000000000005f42       0x1a zephyr/libzephyr.a(shell_help.c.obj)
 .text.cmd_bacskpace_mode_backspace
                0x0000000000005f5c       0x12 zephyr/libzephyr.a(shell_cmds.c.obj)
 .text.cmd_bacskpace_mode_delete
                0x0000000000005f6e       0x12 zephyr/libzephyr.a(shell_cmds.c.obj)
 .text.cmd_colors_off
                0x0000000000005f80       0x12 zephyr/libzephyr.a(shell_cmds.c.obj)
 .text.cmd_colors_on
                0x0000000000005f92       0x12 zephyr/libzephyr.a(shell_cmds.c.obj)
 .text.cmd_echo_off
                0x0000000000005fa4       0x12 zephyr/libzephyr.a(shell_cmds.c.obj)
 .text.cmd_echo_on
                0x0000000000005fb6       0x12 zephyr/libzephyr.a(shell_cmds.c.obj)
 .text.cmd_shell_stats_reset
                0x0000000000005fc8        0x8 zephyr/libzephyr.a(shell_cmds.c.obj)
 .text.shell_raw_fprintf
                0x0000000000005fd0       0x1a zephyr/libzephyr.a(shell_cmds.c.obj)
 .text.remove_from_tail.part.4
                0x0000000000005fea       0x24 zephyr/libzephyr.a(shell_history.c.obj)
 .text.shell_history_mode_exit
                0x000000000000600e        0x6 zephyr/libzephyr.a(shell_history.c.obj)
                0x000000000000600e                shell_history_mode_exit
 .text.shell_history_get
                0x0000000000006014       0x56 zephyr/libzephyr.a(shell_history.c.obj)
                0x0000000000006014                shell_history_get
 .text.shell_history_purge
                0x000000000000606a       0x18 zephyr/libzephyr.a(shell_history.c.obj)
                0x000000000000606a                shell_history_purge
 .text.shell_history_put
                0x0000000000006082       0xd6 zephyr/libzephyr.a(shell_history.c.obj)
                0x0000000000006082                shell_history_put
 .text.shell_history_init
                0x0000000000006158        0xc zephyr/libzephyr.a(shell_history.c.obj)
                0x0000000000006158                shell_history_init
 .text.shell_wildcard_character_exist
                0x0000000000006164       0x28 zephyr/libzephyr.a(shell_wildcard.c.obj)
                0x0000000000006164                shell_wildcard_character_exist
 .text.shell_wildcard_prepare
                0x000000000000618c       0x44 zephyr/libzephyr.a(shell_wildcard.c.obj)
                0x000000000000618c                shell_wildcard_prepare
 .text.shell_wildcard_finalize
                0x00000000000061d0       0x1a zephyr/libzephyr.a(shell_wildcard.c.obj)
                0x00000000000061d0                shell_wildcard_finalize
 .text.clock_control_init
                0x00000000000061ea       0x16 zephyr/libzephyr.a(nrf_power_clock.c.obj)
 .text.z_clock_isr
                0x0000000000006200        0x2 zephyr/libzephyr.a(sys_clock_init.c.obj)
                0x0000000000006200                z_clock_isr
 .text.z_clock_idle_exit
                0x0000000000006202        0x2 zephyr/libzephyr.a(sys_clock_init.c.obj)
                0x0000000000006202                z_clock_idle_exit
 .text.z_irq_spurious
                0x0000000000006204        0x4 zephyr/arch/arch/arm/core/libarch__arm__core.a(irq_manage.c.obj)
                0x0000000000006204                z_irq_spurious
 .text.z_do_kernel_oops
                0x0000000000006208        0x8 zephyr/arch/arch/arm/core/libarch__arm__core.a(fatal.c.obj)
                0x0000000000006208                z_do_kernel_oops
 .text.__nmi    0x0000000000006210        0xe zephyr/arch/arch/arm/core/libarch__arm__core.a(nmi.c.obj)
                0x0000000000006210                __nmi
 .text.z_arch_configure_dynamic_mpu_regions
                0x000000000000621e       0x10 zephyr/arch/arch/arm/core/cortex_m/mpu/libarch__arm__core__cortex_m__mpu.a(arm_core_mpu.c.obj)
                0x000000000000621e                z_arch_configure_dynamic_mpu_regions
 .text.strstr   0x000000000000622e       0x3a zephyr/lib/libc/minimal/liblib__libc__minimal.a(strstr.c.obj)
                0x000000000000622e                strstr
 .text.strcpy   0x0000000000006268       0x14 zephyr/lib/libc/minimal/liblib__libc__minimal.a(string.c.obj)
                0x0000000000006268                strcpy
 .text.strchr   0x000000000000627c       0x1c zephyr/lib/libc/minimal/liblib__libc__minimal.a(string.c.obj)
                0x000000000000627c                strchr
 .text.strlen   0x0000000000006298        0xe zephyr/lib/libc/minimal/liblib__libc__minimal.a(string.c.obj)
                0x0000000000006298                strlen
 .text.strcmp   0x00000000000062a6       0x18 zephyr/lib/libc/minimal/liblib__libc__minimal.a(string.c.obj)
                0x00000000000062a6                strcmp
 .text.strncmp  0x00000000000062be       0x1e zephyr/lib/libc/minimal/liblib__libc__minimal.a(string.c.obj)
                0x00000000000062be                strncmp
 .text.memcmp   0x00000000000062dc       0x20 zephyr/lib/libc/minimal/liblib__libc__minimal.a(string.c.obj)
                0x00000000000062dc                memcmp
 .text.memmove  0x00000000000062fc       0x2e zephyr/lib/libc/minimal/liblib__libc__minimal.a(string.c.obj)
                0x00000000000062fc                memmove
 .text.memcpy   0x000000000000632a       0x54 zephyr/lib/libc/minimal/liblib__libc__minimal.a(string.c.obj)
                0x000000000000632a                memcpy
 .text.memset   0x000000000000637e       0x44 zephyr/lib/libc/minimal/liblib__libc__minimal.a(string.c.obj)
                0x000000000000637e                memset
 .text._to_x    0x00000000000063c2       0x44 zephyr/lib/libc/minimal/liblib__libc__minimal.a(prf.c.obj)
 .text._rlrshift
                0x0000000000006406       0x24 zephyr/lib/libc/minimal/liblib__libc__minimal.a(prf.c.obj)
 .text._ldiv5   0x000000000000642a       0x58 zephyr/lib/libc/minimal/liblib__libc__minimal.a(prf.c.obj)
 .text._get_digit
                0x0000000000006482       0x2e zephyr/lib/libc/minimal/liblib__libc__minimal.a(prf.c.obj)
 .text._stdout_hook_default
                0x00000000000064b0        0x6 zephyr/lib/libc/minimal/liblib__libc__minimal.a(stdout_console.c.obj)
 .text.nrf_gpio_cfg_sense_set
                0x00000000000064b6       0x20 zephyr/drivers/gpio/libdrivers__gpio.a(gpio_nrfx.c.obj)
 .text.gpio_nrfx_write
                0x00000000000064d6       0x3c zephyr/drivers/gpio/libdrivers__gpio.a(gpio_nrfx.c.obj)
 .text.gpio_nrfx_read
                0x0000000000006512       0x30 zephyr/drivers/gpio/libdrivers__gpio.a(gpio_nrfx.c.obj)
 .text.gpio_nrfx_manage_callback
                0x0000000000006542       0x56 zephyr/drivers/gpio/libdrivers__gpio.a(gpio_nrfx.c.obj)
 .text.gpio_nrfx_config
                0x0000000000006598      0x124 zephyr/drivers/gpio/libdrivers__gpio.a(gpio_nrfx.c.obj)
 .text.gpio_nrfx_pin_disable_callback
                0x00000000000066bc       0x42 zephyr/drivers/gpio/libdrivers__gpio.a(gpio_nrfx.c.obj)
 .text.gpio_nrfx_pin_enable_callback
                0x00000000000066fe       0x40 zephyr/drivers/gpio/libdrivers__gpio.a(gpio_nrfx.c.obj)
 .text.uart_nrfx_config_get
                0x000000000000673e       0x10 zephyr/drivers/serial/libdrivers__serial.a(uart_nrfx_uart.c.obj)
 .text.uart_nrfx_irq_tx_ready_complete
                0x000000000000674e        0x8 zephyr/drivers/serial/libdrivers__serial.a(uart_nrfx_uart.c.obj)
 .text.uart_nrfx_irq_update
                0x0000000000006756        0x4 zephyr/drivers/serial/libdrivers__serial.a(uart_nrfx_uart.c.obj)
 .text.device_busy_set
                0x000000000000675a        0x2 zephyr/kernel/libkernel.a(device.c.obj)
                0x000000000000675a                device_busy_set
 .text.device_busy_clear
                0x000000000000675c        0x2 zephyr/kernel/libkernel.a(device.c.obj)
                0x000000000000675c                device_busy_clear
 .text.z_arch_system_halt
                0x000000000000675e       0x18 zephyr/kernel/libkernel.a(fatal.c.obj)
                0x000000000000675e                z_arch_system_halt
 .text.z_sys_power_save_idle_exit
                0x0000000000006776        0x4 zephyr/kernel/libkernel.a(idle.c.obj)
                0x0000000000006776                z_sys_power_save_idle_exit
 .text.z_impl_k_mutex_init
                0x000000000000677a        0xc zephyr/kernel/libkernel.a(mutex.c.obj)
                0x000000000000677a                z_impl_k_mutex_init
 .text.z_is_thread_ready
                0x0000000000006786       0x12 zephyr/kernel/libkernel.a(sched.c.obj)
 .text.z_is_t1_higher_prio_than_t2
                0x0000000000006798       0x12 zephyr/kernel/libkernel.a(sched.c.obj)
                0x0000000000006798                z_is_t1_higher_prio_than_t2
 .text.z_unpend_thread_no_timeout
                0x00000000000067aa       0x32 zephyr/kernel/libkernel.a(sched.c.obj)
                0x00000000000067aa                z_unpend_thread_no_timeout
 .text.z_reschedule
                0x00000000000067dc       0x1e zephyr/kernel/libkernel.a(sched.c.obj)
                0x00000000000067dc                z_reschedule
 .text.z_reschedule_irqlock
                0x00000000000067fa       0x20 zephyr/kernel/libkernel.a(sched.c.obj)
                0x00000000000067fa                z_reschedule_irqlock
 .text.z_reschedule_unlocked
                0x000000000000681a       0x14 zephyr/kernel/libkernel.a(sched.c.obj)
 .text.z_unpend_thread
                0x000000000000682e       0x3c zephyr/kernel/libkernel.a(sched.c.obj)
                0x000000000000682e                z_unpend_thread
 .text.z_priq_dumb_best
                0x000000000000686a        0xc zephyr/kernel/libkernel.a(sched.c.obj)
                0x000000000000686a                z_priq_dumb_best
 .text.z_thread_timeout
                0x0000000000006876       0x62 zephyr/kernel/libkernel.a(sched.c.obj)
                0x0000000000006876                z_thread_timeout
 .text.z_unpend_first_thread
                0x00000000000068d8       0x5a zephyr/kernel/libkernel.a(sched.c.obj)
                0x00000000000068d8                z_unpend_first_thread
 .text.z_impl_k_sleep
                0x0000000000006932       0x3e zephyr/kernel/libkernel.a(sched.c.obj)
                0x0000000000006932                z_impl_k_sleep
 .text.z_is_thread_ready
                0x0000000000006970       0x12 zephyr/kernel/libkernel.a(thread.c.obj)
 .text.z_impl_k_busy_wait
                0x0000000000006982        0x4 zephyr/kernel/libkernel.a(thread.c.obj)
                0x0000000000006982                z_impl_k_busy_wait
 .text.z_impl_k_thread_name_set
                0x0000000000006986        0x6 zephyr/kernel/libkernel.a(thread.c.obj)
                0x0000000000006986                z_impl_k_thread_name_set
 .text.k_thread_name_get
                0x000000000000698c        0x4 zephyr/kernel/libkernel.a(thread.c.obj)
                0x000000000000698c                k_thread_name_get
 .text.z_thread_single_abort
                0x0000000000006990       0x3e zephyr/kernel/libkernel.a(thread.c.obj)
                0x0000000000006990                z_thread_single_abort
 .text.z_init_thread_base
                0x00000000000069ce       0x10 zephyr/kernel/libkernel.a(thread.c.obj)
                0x00000000000069ce                z_init_thread_base
 .text.z_abort_timeout
                0x00000000000069de       0x2c zephyr/kernel/libkernel.a(timeout.c.obj)
                0x00000000000069de                z_abort_timeout
 .text.z_get_next_timeout_expiry
                0x0000000000006a0a       0x20 zephyr/kernel/libkernel.a(timeout.c.obj)
                0x0000000000006a0a                z_get_next_timeout_expiry
 .text.z_set_timeout_expiry
                0x0000000000006a2a       0x34 zephyr/kernel/libkernel.a(timeout.c.obj)
                0x0000000000006a2a                z_set_timeout_expiry
 .text.z_tick_get_32
                0x0000000000006a5e        0x8 zephyr/kernel/libkernel.a(timeout.c.obj)
                0x0000000000006a5e                z_tick_get_32
 .text.z_impl_k_uptime_get_32
                0x0000000000006a66       0x16 zephyr/kernel/libkernel.a(timeout.c.obj)
                0x0000000000006a66                z_impl_k_uptime_get_32
 .text.clear_event_registrations
                0x0000000000006a7c       0x54 zephyr/kernel/libkernel.a(poll.c.obj)
 .text.signal_poll_event
                0x0000000000006ad0       0x58 zephyr/kernel/libkernel.a(poll.c.obj)
 .text.add_event
                0x0000000000006b28       0x5c zephyr/kernel/libkernel.a(poll.c.obj)
 .text.z_impl_k_poll_signal_init
                0x0000000000006b84        0xa zephyr/kernel/libkernel.a(poll.c.obj)
                0x0000000000006b84                z_impl_k_poll_signal_init
 .text.z_impl_k_poll_signal_check
                0x0000000000006b8e        0xa zephyr/kernel/libkernel.a(poll.c.obj)
                0x0000000000006b8e                z_impl_k_poll_signal_check
 .text._OffsetAbsSyms
                0x0000000000006b98        0x2 zephyr/CMakeFiles/offsets.dir/arch/arm/core/offsets/offsets.c.obj
                0x0000000000006b98                _OffsetAbsSyms
 *(SORT_BY_ALIGNMENT(.gnu.linkonce.t.*))
 *(SORT_BY_ALIGNMENT(.glue_7t))
 .glue_7t       0x0000000000006b9a        0x0 linker stubs
 *(SORT_BY_ALIGNMENT(.glue_7))
 .glue_7        0x0000000000006b9a        0x0 linker stubs
 *(SORT_BY_ALIGNMENT(.vfp11_veneer))
 .vfp11_veneer  0x0000000000006b9a        0x0 linker stubs
 *(SORT_BY_ALIGNMENT(.v4_bx))
 .v4_bx         0x0000000000006b9a        0x0 linker stubs
                0x0000000000006b9a                _image_text_end = .

.ARM.exidx      0x0000000000006b9c        0x8
                0x0000000000006b9c                __exidx_start = .
 *(SORT_BY_ALIGNMENT(.ARM.exidx*) SORT_BY_ALIGNMENT(gnu.linkonce.armexidx.*))
 .ARM.exidx     0x0000000000006b9c        0x8 /home/icaro/zephyr-sdk-0.10.1/arm-zephyr-eabi/bin/../lib/gcc/arm-zephyr-eabi/8.3.0/thumb/v7e-m/nofp/libgcc.a(_udivmoddi4.o)
                0x0000000000006ba4                __exidx_end = .
                0x0000000000006ba4                _image_rodata_start = .

sw_isr_table    0x0000000000006ba4      0x138
                0x0000000000006ba4                . = ALIGN (0x0)
 *(SORT_BY_ALIGNMENT(.gnu.linkonce.sw_isr_table))
 .gnu.linkonce.sw_isr_table
                0x0000000000006ba4      0x138 zephyr/CMakeFiles/zephyr_final.dir/isr_tables.c.obj
                0x0000000000006ba4                _sw_isr_table

app_shmem_regions
                0x0000000000006cdc        0x0
                0x0000000000006cdc                __app_shmem_regions_start = .
 *(SORT_BY_NAME(SORT_BY_ALIGNMENT(.app_regions.*)))
                0x0000000000006cdc                __app_shmem_regions_end = .

devconfig       0x0000000000006cdc       0x78
                0x0000000000006cdc                __devconfig_start = .
 *(SORT_BY_ALIGNMENT(.devconfig.*))
 .devconfig.init
                0x0000000000006cdc        0xc zephyr/libzephyr.a(soc.c.obj)
 .devconfig.init
                0x0000000000006ce8        0xc zephyr/libzephyr.a(shell_uart.c.obj)
 .devconfig.init
                0x0000000000006cf4        0xc zephyr/libzephyr.a(uart_console.c.obj)
 .devconfig.init
                0x0000000000006d00       0x18 zephyr/libzephyr.a(nrf_power_clock.c.obj)
 .devconfig.init
                0x0000000000006d18        0xc zephyr/libzephyr.a(sys_clock_init.c.obj)
 .devconfig.init
                0x0000000000006d24        0xc zephyr/arch/arch/arm/core/cortex_m/mpu/libarch__arm__core__cortex_m__mpu.a(arm_mpu.c.obj)
 .devconfig.init
                0x0000000000006d30        0xc zephyr/drivers/gpio/libdrivers__gpio.a(gpio_nrfx.c.obj)
 .devconfig.init
                0x0000000000006d3c        0xc zephyr/drivers/serial/libdrivers__serial.a(uart_nrfx_uart.c.obj)
 .devconfig.init
                0x0000000000006d48        0xc zephyr/kernel/libkernel.a(mempool.c.obj)
 *(SORT_BY_NAME(SORT_BY_ALIGNMENT(.devconfig*)))
                0x0000000000006d54                __devconfig_end = .

net_l2          0x0000000000006d54        0x0
                0x0000000000006d54                __net_l2_start = .
 *(SORT_BY_ALIGNMENT(.net_l2.init))
 *(SORT_BY_NAME(SORT_BY_ALIGNMENT(.net_l2.init*)))
                0x0000000000006d54                __net_l2_end = .

_bt_channels_area
                0x0000000000006d54        0x0
                0x0000000000006d54                _bt_l2cap_fixed_chan_list_start = .
 *(SORT_BY_NAME(SORT_BY_ALIGNMENT(._bt_l2cap_fixed_chan.static.*)))
                0x0000000000006d54                _bt_l2cap_fixed_chan_list_end = .

_bt_services_area
                0x0000000000006d54        0x0
                0x0000000000006d54                _bt_gatt_service_static_list_start = .
 *(SORT_BY_NAME(SORT_BY_ALIGNMENT(._bt_gatt_service_static.static.*)))
                0x0000000000006d54                _bt_gatt_service_static_list_end = .

log_const_sections
                0x0000000000006d54        0x0
                0x0000000000006d54                __log_const_start = .
 *(SORT_BY_NAME(SORT_BY_ALIGNMENT(.log_const_*)))
                0x0000000000006d54                __log_const_end = .

log_backends_sections
                0x0000000000006d54        0x0
                0x0000000000006d54                __log_backends_start = .
 *(SORT_BY_ALIGNMENT(._log_backend.*))
                0x0000000000006d54                __log_backends_end = .

shell_root_cmds_sections
                0x0000000000006d54       0x38
                0x0000000000006d54                __shell_root_cmds_start = .
 *(SORT_BY_NAME(SORT_BY_ALIGNMENT(.shell_root_cmd_*)))
 .shell_root_cmd_clear
                0x0000000000006d54        0x8 zephyr/libzephyr.a(shell_cmds.c.obj)
 .shell_root_cmd_device
                0x0000000000006d5c        0x8 zephyr/libzephyr.a(device_service.c.obj)
 .shell_root_cmd_help
                0x0000000000006d64        0x8 zephyr/libzephyr.a(shell_cmds.c.obj)
 .shell_root_cmd_history
                0x0000000000006d6c        0x8 zephyr/libzephyr.a(shell_cmds.c.obj)
 .shell_root_cmd_kernel
                0x0000000000006d74        0x8 zephyr/libzephyr.a(kernel_service.c.obj)
 .shell_root_cmd_resize
                0x0000000000006d7c        0x8 zephyr/libzephyr.a(shell_cmds.c.obj)
 .shell_root_cmd_shell
                0x0000000000006d84        0x8 zephyr/libzephyr.a(shell_cmds.c.obj)
                0x0000000000006d8c                __shell_root_cmds_end = .

font_entry_sections
                0x0000000000006d8c        0x0
                0x0000000000006d8c                __font_entry_start = .
 *(SORT_BY_NAME(SORT_BY_ALIGNMENT(._cfb_font.*)))
                0x0000000000006d8c                __font_entry_end = .

rodata          0x0000000000006d90     0x12d4
 *(SORT_BY_ALIGNMENT(.rodata))
 *(SORT_BY_ALIGNMENT(.rodata.*))
 .rodata.delay_machine_code.9981
                0x0000000000006d90        0x6 zephyr/libzephyr.a(soc.c.obj)
 *fill*         0x0000000000006d96        0x2 
 .rodata.mpu_config
                0x0000000000006d98        0x8 zephyr/libzephyr.a(mpu_regions.c.obj)
                0x0000000000006d98                mpu_config
 .rodata.mpu_regions
                0x0000000000006da0       0x18 zephyr/libzephyr.a(mpu_regions.c.obj)
 .rodata._shell_kernel
                0x0000000000006db8       0x14 zephyr/libzephyr.a(kernel_service.c.obj)
 .rodata.shell_sub_kernel
                0x0000000000006dcc       0x50 zephyr/libzephyr.a(kernel_service.c.obj)
 .rodata.sub_kernel
                0x0000000000006e1c        0x8 zephyr/libzephyr.a(kernel_service.c.obj)
 .rodata._shell_device
                0x0000000000006e24       0x14 zephyr/libzephyr.a(device_service.c.obj)
 .rodata.config_levels
                0x0000000000006e38       0x14 zephyr/libzephyr.a(device_service.c.obj)
 .rodata.shell_sub_device
                0x0000000000006e4c       0x3c zephyr/libzephyr.a(device_service.c.obj)
 .rodata.sub_device
                0x0000000000006e88        0x8 zephyr/libzephyr.a(device_service.c.obj)
 .rodata.shell_transport_uart_shell_uart
                0x0000000000006e90       0x10 zephyr/libzephyr.a(shell_uart.c.obj)
 .rodata.shell_uart
                0x0000000000006ea0       0x2c zephyr/libzephyr.a(shell_uart.c.obj)
 .rodata.shell_uart_fprintf
                0x0000000000006ecc       0x14 zephyr/libzephyr.a(shell_uart.c.obj)
 .rodata.shell_uart_transport_api
                0x0000000000006ee0       0x18 zephyr/libzephyr.a(shell_uart.c.obj)
                0x0000000000006ee0                shell_uart_transport_api
 .rodata._shell_clear
                0x0000000000006ef8       0x14 zephyr/libzephyr.a(shell_cmds.c.obj)
 .rodata._shell_help
                0x0000000000006f0c       0x14 zephyr/libzephyr.a(shell_cmds.c.obj)
 .rodata._shell_history
                0x0000000000006f20       0x14 zephyr/libzephyr.a(shell_cmds.c.obj)
 .rodata._shell_resize
                0x0000000000006f34       0x14 zephyr/libzephyr.a(shell_cmds.c.obj)
 .rodata._shell_shell
                0x0000000000006f48       0x14 zephyr/libzephyr.a(shell_cmds.c.obj)
 .rodata.m_sub_backspace_mode
                0x0000000000006f5c        0x8 zephyr/libzephyr.a(shell_cmds.c.obj)
 .rodata.m_sub_colors
                0x0000000000006f64        0x8 zephyr/libzephyr.a(shell_cmds.c.obj)
 .rodata.m_sub_echo
                0x0000000000006f6c        0x8 zephyr/libzephyr.a(shell_cmds.c.obj)
 .rodata.m_sub_resize
                0x0000000000006f74        0x8 zephyr/libzephyr.a(shell_cmds.c.obj)
 .rodata.m_sub_shell
                0x0000000000006f7c        0x8 zephyr/libzephyr.a(shell_cmds.c.obj)
 .rodata.m_sub_shell_stats
                0x0000000000006f84        0x8 zephyr/libzephyr.a(shell_cmds.c.obj)
 .rodata.shell_m_sub_backspace_mode
                0x0000000000006f8c       0x3c zephyr/libzephyr.a(shell_cmds.c.obj)
 .rodata.shell_m_sub_colors
                0x0000000000006fc8       0x3c zephyr/libzephyr.a(shell_cmds.c.obj)
 .rodata.shell_m_sub_echo
                0x0000000000007004       0x3c zephyr/libzephyr.a(shell_cmds.c.obj)
 .rodata.shell_m_sub_resize
                0x0000000000007040       0x28 zephyr/libzephyr.a(shell_cmds.c.obj)
 .rodata.shell_m_sub_shell
                0x0000000000007068       0x64 zephyr/libzephyr.a(shell_cmds.c.obj)
 .rodata.shell_m_sub_shell_stats
                0x00000000000070cc       0x3c zephyr/libzephyr.a(shell_cmds.c.obj)
 .rodata._k32src_clock_control_api
                0x0000000000007108       0x14 zephyr/libzephyr.a(nrf_power_clock.c.obj)
 .rodata._m16src_clock_control_api
                0x000000000000711c       0x14 zephyr/libzephyr.a(nrf_power_clock.c.obj)
 .rodata.gpio_nrfx_drv_api_funcs
                0x0000000000007130       0x1c zephyr/drivers/gpio/libdrivers__gpio.a(gpio_nrfx.c.obj)
 .rodata.gpio_nrfx_p0_cfg
                0x000000000000714c        0x8 zephyr/drivers/gpio/libdrivers__gpio.a(gpio_nrfx.c.obj)
 .rodata.uart_nrfx_uart_driver_api
                0x0000000000007154       0x4c zephyr/drivers/serial/libdrivers__serial.a(uart_nrfx_uart.c.obj)
 .rodata.config_levels.9693
                0x00000000000071a0       0x14 zephyr/kernel/libkernel.a(device.c.obj)
 .rodata._k_neg_eagain
                0x00000000000071b4        0x4 zephyr/kernel/libkernel.a(errno.c.obj)
                0x00000000000071b4                _k_neg_eagain
 .rodata.CSWTCH.0
                0x00000000000071b8       0x14 zephyr/kernel/libkernel.a(fatal.c.obj)
 .rodata._idle_thread
                0x00000000000071cc        0x4 zephyr/kernel/libkernel.a(init.c.obj)
                0x00000000000071cc                _idle_thread
 .rodata.str1.1
                0x00000000000071d0       0x11 app/libapp.a(main.c.obj)
 .rodata.output_configure.str1.1
                0x00000000000071e1       0x3c app/libapp.a(output.c.obj)
 .rodata.output_open.str1.1
                0x000000000000721d       0x46 app/libapp.a(output.c.obj)
 .rodata.output_set.str1.1
                0x0000000000007263       0x1b app/libapp.a(output.c.obj)
 .rodata.leds_configure.str1.1
                0x000000000000727e        0x7 app/libapp.a(led.c.obj)
 .rodata.set_led.str1.1
                0x0000000000007285       0x1d app/libapp.a(led.c.obj)
 .rodata.motors_configure.str1.1
                0x00000000000072a2        0x7 app/libapp.a(motor.c.obj)
 .rodata.set_motor.str1.1
                0x00000000000072a2       0x1f app/libapp.a(motor.c.obj)
 .rodata.str1.1
                0x00000000000072c1       0x1f zephyr/libzephyr.a(soc.c.obj)
                                          0x1 (size before relaxing)
 .rodata.str1.1
                0x00000000000072c1        0xf zephyr/libzephyr.a(mpu_regions.c.obj)
 .rodata.cmd_kernel_cycles.str1.1
                0x00000000000072d0       0x16 zephyr/libzephyr.a(kernel_service.c.obj)
 .rodata.cmd_kernel_uptime.str1.1
                0x00000000000072e6        0xf zephyr/libzephyr.a(kernel_service.c.obj)
 .rodata.cmd_kernel_version.str1.1
                0x00000000000072f5       0x19 zephyr/libzephyr.a(kernel_service.c.obj)
 .rodata.str1.1
                0x000000000000730e       0x5b zephyr/libzephyr.a(kernel_service.c.obj)
 .rodata.cmd_device_levels.str1.1
                0x0000000000007369       0x42 zephyr/libzephyr.a(device_service.c.obj)
 .rodata.cmd_device_list.str1.1
                0x00000000000073ab       0x10 zephyr/libzephyr.a(device_service.c.obj)
 .rodata.str1.1
                0x00000000000073bb       0x56 zephyr/libzephyr.a(device_service.c.obj)
                                         0x5d (size before relaxing)
 .rodata.cmd.10491
                0x0000000000007411        0x4 zephyr/libzephyr.a(shell.c.obj)
 .rodata.cmd.10869
                0x0000000000007415        0x4 zephyr/libzephyr.a(shell.c.obj)
 .rodata.cmd.10870
                0x0000000000007419        0x5 zephyr/libzephyr.a(shell.c.obj)
 .rodata.execute.str1.1
                0x000000000000741e       0x9a zephyr/libzephyr.a(shell.c.obj)
                                         0xa2 (size before relaxing)
 .rodata.history_handle.str1.1
                0x00000000000074b8       0x9a zephyr/libzephyr.a(shell.c.obj)
                                          0x3 (size before relaxing)
 .rodata.shell_process.str1.1
                0x00000000000074b8        0x9 zephyr/libzephyr.a(shell.c.obj)
 .rodata.shell_start.str1.1
                0x00000000000074c1        0x3 zephyr/libzephyr.a(shell.c.obj)
 .rodata.shell_thread.str1.1
                0x00000000000074c4       0x17 zephyr/libzephyr.a(shell.c.obj)
 .rodata.clear_eos.isra.6.str1.1
                0x00000000000074db        0x3 zephyr/libzephyr.a(shell_ops.c.obj)
 .rodata.cmd.10447
                0x00000000000074db        0x4 zephyr/libzephyr.a(shell_ops.c.obj)
 .rodata.cmd.10451
                0x00000000000074df        0x3 zephyr/libzephyr.a(shell_ops.c.obj)
 .rodata.cmd.10455
                0x00000000000074e2        0x3 zephyr/libzephyr.a(shell_ops.c.obj)
 .rodata.cmd.10753
                0x00000000000074e5        0x4 zephyr/libzephyr.a(shell_ops.c.obj)
 .rodata.shell_op_char_insert.str1.1
                0x00000000000074e9       0x17 zephyr/libzephyr.a(shell_ops.c.obj)
                                          0x3 (size before relaxing)
 .rodata.shell_op_cond_next_line.str1.1
                0x00000000000074e9        0x2 zephyr/libzephyr.a(shell_ops.c.obj)
 .rodata.shell_op_cursor_vert_move.str1.1
                0x00000000000074e9        0x7 zephyr/libzephyr.a(shell_ops.c.obj)
 .rodata.enable_shell_uart.str1.1
                0x00000000000074f0        0x7 zephyr/libzephyr.a(shell_uart.c.obj)
 .rodata.str1.1
                0x00000000000074f7       0x14 zephyr/libzephyr.a(shell_uart.c.obj)
                                         0x15 (size before relaxing)
 .rodata.cmd_sep.10654
                0x000000000000750b        0x4 zephyr/libzephyr.a(shell_help.c.obj)
 .rodata.formatted_text_print.constprop.2.str1.1
                0x000000000000750f        0x2 zephyr/libzephyr.a(shell_help.c.obj)
 .rodata.shell_help_cmd_print.str1.1
                0x000000000000750f       0x14 zephyr/libzephyr.a(shell_help.c.obj)
                                          0x5 (size before relaxing)
 .rodata.shell_help_subcmd_print.str1.1
                0x000000000000750f       0x18 zephyr/libzephyr.a(shell_help.c.obj)
 .rodata.tabulator.10631
                0x0000000000007527        0x3 zephyr/libzephyr.a(shell_help.c.obj)
 .rodata.cmd.10420
                0x000000000000752a        0x3 zephyr/libzephyr.a(shell_cmds.c.obj)
 .rodata.cmd.10424
                0x000000000000752d        0x3 zephyr/libzephyr.a(shell_cmds.c.obj)
 .rodata.cmd.10601
                0x0000000000007530        0x4 zephyr/libzephyr.a(shell_cmds.c.obj)
 .rodata.cmd.10602
                0x0000000000007534        0x5 zephyr/libzephyr.a(shell_cmds.c.obj)
 .rodata.cmd.10667
                0x0000000000007539        0x6 zephyr/libzephyr.a(shell_cmds.c.obj)
 .rodata.cmd_clear.str1.1
                0x000000000000753f        0x3 zephyr/libzephyr.a(shell_cmds.c.obj)
 .rodata.cmd_echo.str1.1
                0x000000000000753f       0x33 zephyr/libzephyr.a(shell_cmds.c.obj)
                                         0x36 (size before relaxing)
 .rodata.cmd_get_terminal_size.10576
                0x0000000000007572        0x5 zephyr/libzephyr.a(shell_cmds.c.obj)
 .rodata.cmd_help.str1.1
                0x0000000000007577      0x1b7 zephyr/libzephyr.a(shell_cmds.c.obj)
 .rodata.cmd_history.str1.1
                0x000000000000772e        0xa zephyr/libzephyr.a(shell_cmds.c.obj)
 .rodata.cmd_resize.str1.1
                0x0000000000007738       0x3a zephyr/libzephyr.a(shell_cmds.c.obj)
 .rodata.cmd_shell_stats_show.str1.1
                0x0000000000007772        0xf zephyr/libzephyr.a(shell_cmds.c.obj)
 .rodata.str1.1
                0x0000000000007781      0x3d4 zephyr/libzephyr.a(shell_cmds.c.obj)
                                        0x3d9 (size before relaxing)
 .rodata.shell_wildcard_process.str1.1
                0x0000000000007b55       0x52 zephyr/libzephyr.a(shell_wildcard.c.obj)
 .rodata.str1.1
                0x0000000000007ba7        0x1 zephyr/libzephyr.a(uart_console.c.obj)
 .rodata.uart_console_init.str1.1
                0x0000000000007ba7        0x7 zephyr/libzephyr.a(uart_console.c.obj)
 .rodata.str1.1
                0x0000000000007ba7       0x14 zephyr/libzephyr.a(nrf_power_clock.c.obj)
 .rodata.str1.1
                0x0000000000007bbb        0xa zephyr/libzephyr.a(sys_clock_init.c.obj)
 .rodata.z_clock_driver_init.str1.1
                0x0000000000007bc5        0xa zephyr/libzephyr.a(nrf_rtc_timer.c.obj)
 .rodata.z_arm_fatal_error.str1.1
                0x0000000000007bc5       0x9b zephyr/arch/arch/arm/core/libarch__arm__core.a(fatal.c.obj)
 .rodata.BusFault.isra.3.str1.1
                0x0000000000007c60       0x88 zephyr/arch/arch/arm/core/cortex_m/libarch__arm__core__cortex_m.a(fault.c.obj)
 .rodata.MpuFault.isra.2.str1.1
                0x0000000000007ce8       0xd8 zephyr/arch/arch/arm/core/cortex_m/libarch__arm__core__cortex_m.a(fault.c.obj)
 .rodata.UsageFault.isra.4.str1.1
                0x0000000000007dc0       0xcd zephyr/arch/arch/arm/core/cortex_m/libarch__arm__core__cortex_m.a(fault.c.obj)
 .rodata._Fault.str1.1
                0x0000000000007e8d       0xce zephyr/arch/arch/arm/core/cortex_m/libarch__arm__core__cortex_m.a(fault.c.obj)
 .rodata.str1.1
                0x0000000000007f5b        0x1 zephyr/arch/arch/arm/core/cortex_m/mpu/libarch__arm__core__cortex_m__mpu.a(arm_mpu.c.obj)
 .rodata.z_prf.str1.1
                0x0000000000007f5b        0xa zephyr/lib/libc/minimal/liblib__libc__minimal.a(prf.c.obj)
 .rodata.str1.1
                0x0000000000007f65        0x7 zephyr/drivers/gpio/libdrivers__gpio.a(gpio_nrfx.c.obj)
 .rodata.str1.1
                0x0000000000007f65        0x7 zephyr/drivers/serial/libdrivers__serial.a(uart_nrfx_uart.c.obj)
 .rodata.uart_nrfx_uart0_config
                0x0000000000007f65        0x1 zephyr/drivers/serial/libdrivers__serial.a(uart_nrfx_uart.c.obj)
 .rodata.k_sys_fatal_error_handler.str1.1
                0x0000000000007f66        0xf zephyr/kernel/libkernel.a(fatal.c.obj)
 .rodata.str1.1
                0x0000000000007f75       0x4a zephyr/kernel/libkernel.a(fatal.c.obj)
 .rodata.z_fatal_error.str1.1
                0x0000000000007fbf       0x4c zephyr/kernel/libkernel.a(fatal.c.obj)
 .rodata.z_fatal_print.str1.1
                0x000000000000800b        0x8 zephyr/kernel/libkernel.a(fatal.c.obj)
                                          0xa (size before relaxing)
 .rodata.bg_thread_main.str1.1
                0x0000000000008013       0x47 zephyr/kernel/libkernel.a(init.c.obj)
 .rodata.z_cstart.str1.1
                0x000000000000805a        0xa zephyr/kernel/libkernel.a(init.c.obj)
 .rodata.str1.1
                0x0000000000008064        0x1 zephyr/kernel/libkernel.a(mempool.c.obj)
 *(SORT_BY_ALIGNMENT(.gnu.linkonce.r.*))
                0x0000000000008068                . = ALIGN (0x4)
                0x0000000000008064                _image_rodata_end = .
                0x0000000000008080                . = ALIGN (_region_min_align)
                0x0000000000010000                . = ALIGN ((0x1 << LOG2CEIL ((_image_rodata_end - _image_rom_start))))
                0x0000000000010000                _image_rom_end = .
                0x0000000020000000                . = 0x20000000
                0x0000000020000000                . = ALIGN (_region_min_align)
                0x0000000020000000                _image_ram_start = .

.ramfunc        0x0000000020000000        0x0 load address 0x0000000000008064
                0x0000000020000000                . = ALIGN (_region_min_align)
                0x0000000020000000                . = ALIGN ((0x1 << LOG2CEIL (_ramfunc_ram_size)))
                0x0000000020000000                _ramfunc_ram_start = .
 *(SORT_BY_ALIGNMENT(.ramfunc))
 *(SORT_BY_ALIGNMENT(.ramfunc.*))
                0x0000000020000000                . = ALIGN (_region_min_align)
                0x0000000020000000                . = ALIGN ((0x1 << LOG2CEIL (_ramfunc_ram_size)))
                0x0000000020000000                _ramfunc_ram_end = .
                0x0000000000000000                _ramfunc_ram_size = (_ramfunc_ram_end - _ramfunc_ram_start)
                0x0000000000008064                _ramfunc_rom_start = LOADADDR (.ramfunc)

bss             0x0000000020000000      0x69c
                0x0000000020000000                . = ALIGN (0x4)
                0x0000000020000000                __bss_start = .
                0x0000000020000000                __kernel_ram_start = .
 *(SORT_BY_ALIGNMENT(.bss))
 *(SORT_BY_ALIGNMENT(.bss.*))
 .bss.curr_tick
                0x0000000020000000        0x8 zephyr/kernel/libkernel.a(timeout.c.obj)
 .bss._k_thread_obj_leds_id
                0x0000000020000008       0x6c app/libapp.a(main.c.obj)
                0x0000000020000008                _k_thread_obj_leds_id
 .bss._k_thread_obj_motor_id
                0x0000000020000074       0x6c app/libapp.a(main.c.obj)
                0x0000000020000074                _k_thread_obj_motor_id
 .bss.led0      0x00000000200000e0       0x10 app/libapp.a(led.c.obj)
                0x00000000200000e0                led0
 .bss.led1      0x00000000200000f0       0x10 app/libapp.a(led.c.obj)
                0x00000000200000f0                led1
 .bss.led2      0x0000000020000100       0x10 app/libapp.a(led.c.obj)
                0x0000000020000100                led2
 .bss.led3      0x0000000020000110       0x10 app/libapp.a(led.c.obj)
                0x0000000020000110                led3
 .bss.led4      0x0000000020000120       0x10 app/libapp.a(led.c.obj)
                0x0000000020000120                led4
 .bss.led5      0x0000000020000130       0x10 app/libapp.a(led.c.obj)
                0x0000000020000130                led5
 .bss.motor0    0x0000000020000140       0x10 app/libapp.a(motor.c.obj)
                0x0000000020000140                motor0
 .bss.motor1    0x0000000020000150       0x10 app/libapp.a(motor.c.obj)
                0x0000000020000150                motor1
 .bss.shell_transport_uart_ctrl_blk
                0x0000000020000160       0x14 zephyr/libzephyr.a(shell_uart.c.obj)
 .bss.shell_uart_ctx
                0x0000000020000174      0x304 zephyr/libzephyr.a(shell_uart.c.obj)
 .bss.shell_uart_stats
                0x0000000020000478        0x4 zephyr/libzephyr.a(shell_uart.c.obj)
 .bss.shell_uart_thread
                0x000000002000047c       0x6c zephyr/libzephyr.a(shell_uart.c.obj)
 .bss.uart_console_dev
                0x00000000200004e8        0x4 zephyr/libzephyr.a(uart_console.c.obj)
 .bss.last_count
                0x00000000200004ec        0x4 zephyr/libzephyr.a(nrf_rtc_timer.c.obj)
 .bss.gpio_nrfx_p0_data
                0x00000000200004f0       0x20 zephyr/drivers/gpio/libdrivers__gpio.a(gpio_nrfx.c.obj)
 .bss.irq_callback
                0x0000000020000510        0x4 zephyr/drivers/serial/libdrivers__serial.a(uart_nrfx_uart.c.obj)
 .bss.irq_cb_data
                0x0000000020000514        0x4 zephyr/drivers/serial/libdrivers__serial.a(uart_nrfx_uart.c.obj)
 .bss._idle_thread_s
                0x0000000020000518       0x6c zephyr/kernel/libkernel.a(init.c.obj)
 .bss._main_thread_s
                0x0000000020000584       0x6c zephyr/kernel/libkernel.a(init.c.obj)
 .bss._kernel   0x00000000200005f0       0x30 zephyr/kernel/libkernel.a(sched.c.obj)
                0x00000000200005f0                _kernel
 .bss.pending_current
                0x0000000020000620        0x4 zephyr/kernel/libkernel.a(sched.c.obj)
 .bss.slice_max_prio
                0x0000000020000624        0x4 zephyr/kernel/libkernel.a(sched.c.obj)
 .bss.slice_time
                0x0000000020000628        0x4 zephyr/kernel/libkernel.a(sched.c.obj)
 .bss.announce_remaining
                0x000000002000062c        0x4 zephyr/kernel/libkernel.a(timeout.c.obj)
 .bss._ring_buffer_data_shell_transport_uart_rx_ringbuf
                0x0000000020000630       0x40 zephyr/libzephyr.a(shell_uart.c.obj)
 .bss._ring_buffer_data_shell_transport_uart_tx_ringbuf
                0x0000000020000670        0x8 zephyr/libzephyr.a(shell_uart.c.obj)
 .bss.shell_uart_out_buffer
                0x0000000020000678       0x1e zephyr/libzephyr.a(shell_uart.c.obj)
 .bss.k32src_initialized
                0x0000000020000696        0x1 zephyr/libzephyr.a(nrf_power_clock.c.obj)
 .bss.m16src_grd
                0x0000000020000697        0x1 zephyr/libzephyr.a(nrf_power_clock.c.obj)
 .bss.m16src_ref
                0x0000000020000698        0x1 zephyr/libzephyr.a(nrf_power_clock.c.obj)
 .bss.static_regions_num
                0x0000000020000699        0x1 zephyr/arch/arch/arm/core/cortex_m/mpu/libarch__arm__core__cortex_m__mpu.a(arm_mpu.c.obj)
 .bss.gpio_initialized.10580
                0x000000002000069a        0x1 zephyr/drivers/gpio/libdrivers__gpio.a(gpio_nrfx.c.obj)
 .bss.uart_sw_event_txdrdy
                0x000000002000069b        0x1 zephyr/drivers/serial/libdrivers__serial.a(uart_nrfx_uart.c.obj)
 .bss.lock      0x000000002000069c        0x0 zephyr/kernel/libkernel.a(mutex.c.obj)
 .bss.lock      0x000000002000069c        0x0 zephyr/kernel/libkernel.a(thread.c.obj)
 .bss.lock      0x000000002000069c        0x0 zephyr/kernel/libkernel.a(poll.c.obj)
 *(SORT_BY_ALIGNMENT(COMMON))
 *(SORT_BY_ALIGNMENT(.kernel_bss.*))
                0x000000002000069c                __bss_end = ALIGN (0x4)

noinit          0x00000000200006a0     0x1f40
 *(SORT_BY_ALIGNMENT(.noinit))
 *(SORT_BY_ALIGNMENT(.noinit.*))
 .noinit."../src/main.c".0
                0x00000000200006a0      0x400 app/libapp.a(main.c.obj)
                0x00000000200006a0                _k_thread_stack_leds_id
 .noinit."../src/main.c".1
                0x0000000020000aa0      0x400 app/libapp.a(main.c.obj)
                0x0000000020000aa0                _k_thread_stack_motor_id
 .noinit."ZEPHYR_BASE/subsys/shell/shell_uart.c".1
                0x0000000020000ea0      0x800 zephyr/libzephyr.a(shell_uart.c.obj)
 .noinit."ZEPHYR_BASE/kernel/init.c".1
                0x00000000200016a0      0x400 zephyr/kernel/libkernel.a(init.c.obj)
                0x00000000200016a0                _main_stack
 .noinit."ZEPHYR_BASE/kernel/init.c".2
                0x0000000020001aa0      0x140 zephyr/kernel/libkernel.a(init.c.obj)
                0x0000000020001aa0                _idle_stack
 .noinit."ZEPHYR_BASE/kernel/init.c".3
                0x0000000020001be0      0x800 zephyr/kernel/libkernel.a(init.c.obj)
                0x0000000020001be0                _interrupt_stack
 .noinit."ZEPHYR_BASE/subsys/shell/shell_uart.c".0
                0x00000000200023e0      0x200 zephyr/libzephyr.a(shell_uart.c.obj)
 *(SORT_BY_ALIGNMENT(.kernel_noinit.*))

datas           0x00000000200025e0       0x90 load address 0x0000000000008064
                0x00000000200025e0                __data_ram_start = .
 *(SORT_BY_ALIGNMENT(.data))
 *(SORT_BY_ALIGNMENT(.data.*))
 .data._char_out
                0x00000000200025e0        0x4 zephyr/libzephyr.a(printk.c.obj)
                0x00000000200025e0                _char_out
 .data.SystemCoreClock
                0x00000000200025e4        0x4 zephyr/libzephyr.a(system_nrf52.c.obj)
                0x00000000200025e4                SystemCoreClock
 .data.shell_transport_uart
                0x00000000200025e8        0x8 zephyr/libzephyr.a(shell_uart.c.obj)
                0x00000000200025e8                shell_transport_uart
 .data.shell_transport_uart_rx_ringbuf
                0x00000000200025f0       0x1c zephyr/libzephyr.a(shell_uart.c.obj)
                0x00000000200025f0                shell_transport_uart_rx_ringbuf
 .data.shell_transport_uart_tx_ringbuf
                0x000000002000260c       0x1c zephyr/libzephyr.a(shell_uart.c.obj)
                0x000000002000260c                shell_transport_uart_tx_ringbuf
 .data.shell_uart_fprintf_shell_fprintf_ctx
                0x0000000020002628        0x8 zephyr/libzephyr.a(shell_uart.c.obj)
 .data.shell_uart_history
                0x0000000020002630       0x10 zephyr/libzephyr.a(shell_uart.c.obj)
 .data.shell_uart_history_ring_buf
                0x0000000020002640       0x1c zephyr/libzephyr.a(shell_uart.c.obj)
 .data._stdout_hook
                0x000000002000265c        0x4 zephyr/lib/libc/minimal/liblib__libc__minimal.a(stdout_console.c.obj)
 .data.uart_nrfx_uart0_data
                0x0000000020002660        0x8 zephyr/drivers/serial/libdrivers__serial.a(uart_nrfx_uart.c.obj)
 .data.timeout_list
                0x0000000020002668        0x8 zephyr/kernel/libkernel.a(timeout.c.obj)
 *(SORT_BY_ALIGNMENT(.kernel.*))
                0x0000000000008064                __data_rom_start = LOADADDR (datas)

initlevel       0x0000000020002670       0x78 load address 0x00000000000080f4
                0x0000000020002670                __device_init_start = .
                0x0000000020002670                __device_PRE_KERNEL_1_start = .
 *(SORT_BY_NAME(SORT_BY_ALIGNMENT(.init_PRE_KERNEL_1[0-9])))
 .init_PRE_KERNEL_10
                0x0000000020002670        0xc zephyr/libzephyr.a(soc.c.obj)
 *(SORT_BY_NAME(SORT_BY_ALIGNMENT(.init_PRE_KERNEL_1[1-9][0-9])))
 .init_PRE_KERNEL_130
                0x000000002000267c        0xc zephyr/kernel/libkernel.a(mempool.c.obj)
 .init_PRE_KERNEL_140
                0x0000000020002688        0xc zephyr/arch/arch/arm/core/cortex_m/mpu/libarch__arm__core__cortex_m__mpu.a(arm_mpu.c.obj)
 .init_PRE_KERNEL_150
                0x0000000020002694       0x18 zephyr/libzephyr.a(nrf_power_clock.c.obj)
 .init_PRE_KERNEL_150
                0x00000000200026ac        0xc zephyr/drivers/serial/libdrivers__serial.a(uart_nrfx_uart.c.obj)
 .init_PRE_KERNEL_160
                0x00000000200026b8        0xc zephyr/libzephyr.a(uart_console.c.obj)
                0x00000000200026c4                __device_PRE_KERNEL_2_start = .
 *(SORT_BY_NAME(SORT_BY_ALIGNMENT(.init_PRE_KERNEL_2[0-9])))
 .init_PRE_KERNEL_20
                0x00000000200026c4        0xc zephyr/libzephyr.a(sys_clock_init.c.obj)
 *(SORT_BY_NAME(SORT_BY_ALIGNMENT(.init_PRE_KERNEL_2[1-9][0-9])))
                0x00000000200026d0                __device_POST_KERNEL_start = .
 *(SORT_BY_NAME(SORT_BY_ALIGNMENT(.init_POST_KERNEL[0-9])))
 .init_POST_KERNEL0
                0x00000000200026d0        0xc zephyr/libzephyr.a(shell_uart.c.obj)
 *(SORT_BY_NAME(SORT_BY_ALIGNMENT(.init_POST_KERNEL[1-9][0-9])))
 .init_POST_KERNEL40
                0x00000000200026dc        0xc zephyr/drivers/gpio/libdrivers__gpio.a(gpio_nrfx.c.obj)
                0x00000000200026e8                __device_APPLICATION_start = .
 *(SORT_BY_NAME(SORT_BY_ALIGNMENT(.init_APPLICATION[0-9])))
 *(SORT_BY_NAME(SORT_BY_ALIGNMENT(.init_APPLICATION[1-9][0-9])))
                0x00000000200026e8                __device_init_end = .

initlevel_error
                0x0000000020002670        0x0
 *(SORT_BY_NAME(SORT_BY_ALIGNMENT(.init_[_A-Z0-9]*)))
                0x0000000000000001                ASSERT ((SIZEOF (initlevel_error) == 0x0), Undefined initialization levels used.)

initshell       0x00000000200026e8        0x0 load address 0x000000000000816c
                0x00000000200026e8                __shell_module_start = .
 *(SORT_BY_ALIGNMENT(.shell_module_*))
                0x00000000200026e8                __shell_module_end = .
                0x00000000200026e8                __shell_cmd_start = .
 *(SORT_BY_ALIGNMENT(.shell_cmd_*))
                0x00000000200026e8                __shell_cmd_end = .

log_dynamic_sections
                0x00000000200026e8        0x0 load address 0x000000000000816c
                0x00000000200026e8                __log_dynamic_start = .
 *(SORT_BY_NAME(SORT_BY_ALIGNMENT(.log_dynamic_*)))
                0x00000000200026e8                __log_dynamic_end = .

_static_thread_area
                0x00000000200026e8       0x60 load address 0x000000000000816c
                0x00000000200026e8                __static_thread_data_list_start = .
 *(SORT_BY_NAME(SORT_BY_ALIGNMENT(.__static_thread_data.static.*)))
 .__static_thread_data.static._k_thread_data_leds_id
                0x00000000200026e8       0x30 app/libapp.a(main.c.obj)
                0x00000000200026e8                _k_thread_data_leds_id
 .__static_thread_data.static._k_thread_data_motor_id
                0x0000000020002718       0x30 app/libapp.a(main.c.obj)
                0x0000000020002718                _k_thread_data_motor_id
                0x0000000020002748                __static_thread_data_list_end = .

_k_timer_area   0x0000000020002748        0x0 load address 0x00000000000081cc
                0x0000000020002748                _k_timer_list_start = .
 *(SORT_BY_ALIGNMENT(._k_timer.static.*))
                0x0000000020002748                _k_timer_list_end = .

_k_mem_slab_area
                0x0000000020002748        0x0 load address 0x00000000000081cc
                0x0000000020002748                _k_mem_slab_list_start = .
 *(SORT_BY_ALIGNMENT(._k_mem_slab.static.*))
                0x0000000020002748                _k_mem_slab_list_end = .

_k_mem_pool_area
                0x0000000020002748        0x0 load address 0x00000000000081cc
                0x0000000020002748                _k_mem_pool_list_start = .
 *(SORT_BY_ALIGNMENT(._k_mem_pool.static.*))
                0x0000000020002748                _k_mem_pool_list_end = .

_k_sem_area     0x0000000020002748        0x0 load address 0x00000000000081cc
                0x0000000020002748                _k_sem_list_start = .
 *(SORT_BY_ALIGNMENT(._k_sem.static.*))
                0x0000000020002748                _k_sem_list_end = .

_k_mutex_area   0x0000000020002748       0x14 load address 0x00000000000081cc
                0x0000000020002748                _k_mutex_list_start = .
 *(SORT_BY_ALIGNMENT(._k_mutex.static.*))
 ._k_mutex.static.fdtable_lock
                0x0000000020002748       0x14 zephyr/libzephyr.a(fdtable.c.obj)
                0x000000002000275c                _k_mutex_list_end = .

_k_queue_area   0x000000002000275c        0x0 load address 0x00000000000081e0
                0x000000002000275c                _k_queue_list_start = .
 *(SORT_BY_ALIGNMENT(._k_queue.static.*))
 *(SORT_BY_ALIGNMENT(._k_fifo.static.*))
 *(SORT_BY_ALIGNMENT(._k_lifo.static.*))
                0x000000002000275c                _k_queue_list_end = .

_k_stack_area   0x000000002000275c        0x0 load address 0x00000000000081e0
                0x000000002000275c                _k_stack_list_start = .
 *(SORT_BY_ALIGNMENT(._k_stack.static.*))
                0x000000002000275c                _k_stack_list_end = .

_k_msgq_area    0x000000002000275c        0x0 load address 0x00000000000081e0
                0x000000002000275c                _k_msgq_list_start = .
 *(SORT_BY_ALIGNMENT(._k_msgq.static.*))
                0x000000002000275c                _k_msgq_list_end = .

_k_mbox_area    0x000000002000275c        0x0 load address 0x00000000000081e0
                0x000000002000275c                _k_mbox_list_start = .
 *(SORT_BY_ALIGNMENT(._k_mbox.static.*))
                0x000000002000275c                _k_mbox_list_end = .

_k_pipe_area    0x000000002000275c        0x0 load address 0x00000000000081e0
                0x000000002000275c                _k_pipe_list_start = .
 *(SORT_BY_ALIGNMENT(._k_pipe.static.*))
                0x000000002000275c                _k_pipe_list_end = .

_net_buf_pool_area
                0x000000002000275c        0x0 load address 0x00000000000081e0
                0x000000002000275c                _net_buf_pool_list = .
 *(SORT_BY_NAME(SORT_BY_ALIGNMENT(._net_buf_pool.static.*)))

net_if          0x000000002000275c        0x0 load address 0x00000000000081e0
                0x000000002000275c                __net_if_start = .
 *(SORT_BY_ALIGNMENT(.net_if.*))
 *(SORT_BY_NAME(SORT_BY_ALIGNMENT(.net_if.*)))
                0x000000002000275c                __net_if_end = .

net_if_dev      0x000000002000275c        0x0 load address 0x00000000000081e0
                0x000000002000275c                __net_if_dev_start = .
 *(SORT_BY_ALIGNMENT(.net_if_dev.*))
 *(SORT_BY_NAME(SORT_BY_ALIGNMENT(.net_if_dev.*)))
                0x000000002000275c                __net_if_dev_end = .

net_l2_data     0x000000002000275c        0x0 load address 0x00000000000081e0
                0x000000002000275c                __net_l2_data_start = .
 *(SORT_BY_ALIGNMENT(.net_l2.data))
 *(SORT_BY_NAME(SORT_BY_ALIGNMENT(.net_l2.data*)))
                0x000000002000275c                __net_l2_data_end = .

priv_stacks_noinit
                0x000000002000275c        0x0 load address 0x00000000000081e0
                0x000000002000275c                z_priv_stacks_ram_start = .
 *(SORT_BY_ALIGNMENT(.priv_stacks.noinit))
                0x000000002000275c                z_priv_stacks_ram_end = .
                0x000000002000275c                __data_ram_end = .
                0x000000002000275c                _image_ram_end = .
                0x000000002000275c                _end = .
                0x0000000020010000                __kernel_ram_end = 0x20010000
                0x0000000000010000                __kernel_ram_size = (__kernel_ram_end - __kernel_ram_start)

.stab
 *(SORT_BY_ALIGNMENT(.stab))

.stabstr
 *(SORT_BY_ALIGNMENT(.stabstr))

.stab.excl
 *(SORT_BY_ALIGNMENT(.stab.excl))

.stab.exclstr
 *(SORT_BY_ALIGNMENT(.stab.exclstr))

.stab.index
 *(SORT_BY_ALIGNMENT(.stab.index))

.stab.indexstr
 *(SORT_BY_ALIGNMENT(.stab.indexstr))

.gnu.build.attributes
 *(SORT_BY_ALIGNMENT(.gnu.build.attributes) SORT_BY_ALIGNMENT(.gnu.build.attributes.*))

.comment        0x0000000000000000       0x2b
 *(SORT_BY_ALIGNMENT(.comment))
 .comment       0x0000000000000000       0x2b zephyr/CMakeFiles/zephyr_final.dir/isr_tables.c.obj
                                         0x2c (size before relaxing)
 .comment       0x000000000000002b       0x2c app/libapp.a(main.c.obj)
 .comment       0x000000000000002b       0x2c app/libapp.a(output.c.obj)
 .comment       0x000000000000002b       0x2c app/libapp.a(led.c.obj)
 .comment       0x000000000000002b       0x2c app/libapp.a(motor.c.obj)
 .comment       0x000000000000002b       0x2c zephyr/libzephyr.a(isr_tables.c.obj)
 .comment       0x000000000000002b       0x2c zephyr/libzephyr.a(fdtable.c.obj)
 .comment       0x000000000000002b       0x2c zephyr/libzephyr.a(mempool.c.obj)
 .comment       0x000000000000002b       0x2c zephyr/libzephyr.a(thread_entry.c.obj)
 .comment       0x000000000000002b       0x2c zephyr/libzephyr.a(printk.c.obj)
 .comment       0x000000000000002b       0x2c zephyr/libzephyr.a(ring_buffer.c.obj)
 .comment       0x000000000000002b       0x2c zephyr/libzephyr.a(configs.c.obj)
 .comment       0x000000000000002b       0x2c zephyr/libzephyr.a(soc.c.obj)
 .comment       0x000000000000002b       0x2c zephyr/libzephyr.a(mpu_regions.c.obj)
 .comment       0x000000000000002b       0x2c zephyr/libzephyr.a(fnmatch.c.obj)
 .comment       0x000000000000002b       0x2c zephyr/libzephyr.a(system_nrf52.c.obj)
 .comment       0x000000000000002b       0x2c zephyr/libzephyr.a(kernel_service.c.obj)
 .comment       0x000000000000002b       0x2c zephyr/libzephyr.a(device_service.c.obj)
 .comment       0x000000000000002b       0x2c zephyr/libzephyr.a(shell.c.obj)
 .comment       0x000000000000002b       0x2c zephyr/libzephyr.a(shell_fprintf.c.obj)
 .comment       0x000000000000002b       0x2c zephyr/libzephyr.a(shell_utils.c.obj)
 .comment       0x000000000000002b       0x2c zephyr/libzephyr.a(shell_ops.c.obj)
 .comment       0x000000000000002b       0x2c zephyr/libzephyr.a(shell_uart.c.obj)
 .comment       0x000000000000002b       0x2c zephyr/libzephyr.a(shell_help.c.obj)
 .comment       0x000000000000002b       0x2c zephyr/libzephyr.a(shell_cmds.c.obj)
 .comment       0x000000000000002b       0x2c zephyr/libzephyr.a(shell_history.c.obj)
 .comment       0x000000000000002b       0x2c zephyr/libzephyr.a(shell_wildcard.c.obj)
 .comment       0x000000000000002b       0x2c zephyr/libzephyr.a(uart_console.c.obj)
 .comment       0x000000000000002b       0x2c zephyr/libzephyr.a(nrf_power_clock.c.obj)
 .comment       0x000000000000002b       0x2c zephyr/libzephyr.a(sys_clock_init.c.obj)
 .comment       0x000000000000002b       0x2c zephyr/libzephyr.a(nrf_rtc_timer.c.obj)